[cdnimj.us/2ErTrBMV_3231.js]
[backblue.gif]
[fade.gif]
[index.html]
[repo.biteyourapple.net/desktop/assets/images/favicon.ico]
[cdnjs.cloudflare.com/ajax/libs/cookieconsent2/1.0.10/cookieconsent.min.js]
[repo.biteyourapple.net/desktop/assets/js/modernizr.min.js]
[repo.biteyourapple.net/desktop/assets/js/jquery.min.js]
[repo.biteyourapple.net/desktop/assets/images/logo.png]
[repo.biteyourapple.net/desktop/assets/images/logo_mobile.png]
[repo.biteyourapple.net/desktop/assets/images/repobya.png]
[repo.biteyourapple.net/desktop/assets/images/telegrambot.png]
[repo.biteyourapple.net/desktop/assets/images/facebook.png]
[repo.biteyourapple.net/desktop/assets/images/twitter.png]
[repo.biteyourapple.net/ico_repo/none.png]
[repo.biteyourapple.net/ico_repo/tweak.png]
[repo.biteyourapple.net/ico_repo/eu.heinelt.ifile.png]
[repo.biteyourapple.net/ico_repo/com.aaronash.barrel.png]
[repo.biteyourapple.net/ico_repo/icleanerpro.png]
[repo.biteyourapple.net/ico_repo/appcake.png]
[repo.biteyourapple.net/ico_repo/com.trendico.moviebox.png]
[repo.biteyourapple.net/ico_repo/vshare.png]
[repo.biteyourapple.net/ico_repo/com.filippobiga.springtomize3.png]
[repo.biteyourapple.net/ico_repo/com.fuyuchi.flex.png]
[repo.biteyourapple.net/ico_repo/org.thebigboss.bridge.png]
[repo.biteyourapple.net/ico_repo/BYA.png]
[repo.biteyourapple.net/ico_repo/iapcrazy.png]
[repo.biteyourapple.net/desktop/assets/js/bootstrap.min.js]
[repo.biteyourapple.net/desktop/assets/js/detect.js]
[repo.biteyourapple.net/desktop/assets/js/sidebar-right.js]
[repo.biteyourapple.net/desktop/assets/js/jquery.slimscroll.js]
[repo.biteyourapple.net/desktop/assets/js/jquery.blockUI.js]
[repo.biteyourapple.net/desktop/assets/js/waves.js]
[repo.biteyourapple.net/desktop/assets/js/jquery.nicescroll.js]
[repo.biteyourapple.net/desktop/assets/js/jquery.scrollTo.min.js]
[repo.biteyourapple.net/desktop/assets/plugins/jquery-knob/jquery.knob.js]
[repo.biteyourapple.net/desktop/assets/js/jquery.core.js]
[repo.biteyourapple.net/desktop/assets/js/jquery.app.js]
[repo.biteyourapple.net/index.html]
[repo.biteyourapple.net/desktop/assets/plugins/morris/morris.css]
[ajax.cloudflare.com/cdn-cgi/scripts/2448a7bd/cloudflare-static/rocket-loader.min.js]
[repo.biteyourapple.net/desktop/assets/css/bootstrap.min.css]
[repo.biteyourapple.net/desktop/assets/css/core.css]
[repo.biteyourapple.net/desktop/assets/css/components.css]
[repo.biteyourapple.net/desktop/assets/css/icons.css]
[repo.biteyourapple.net/desktop/assets/images/multiple-arrow.png]
[repo.biteyourapple.net/desktop/assets/images/big/bg1.jpg]
[repo.biteyourapple.net/desktop/assets/css/pages.css]
[repo.biteyourapple.net/desktop/assets/css/menu.css]
[repo.biteyourapple.net/desktop/assets/css/responsive.css]
[repo.biteyourapple.net/desktop/assets/css/flexslider.css]
[repo.biteyourapple.net/desktop/assets/images/folder.png]
[repo.biteyourapple.net/categories.html]
[repo.biteyourapple.net/ico_repo/com.modmyi.rocket.png]
[repo.biteyourapple.net/ico_repo/me.autotouch.autotouch.ios8.png]
[repo.biteyourapple.net/ico_repo/com.i0sa.phonecaller.png]
[repo.biteyourapple.net/ico_repo/org.thebigboss.watusi.png]
[repo.biteyourapple.net/ico_repo/com.jontelang.instalauncher.png]
[repo.biteyourapple.net/ico_repo/cn.tinyapps.xgpspro.png]
[repo.biteyourapple.net/ico_repo/com.tigisoftware.appdatamanager.png]
[repo.biteyourapple.net/last.html]
[repo.biteyourapple.net/ico_repo/appsync.jpg]
[repo.biteyourapple.net/ico_repo/iapfree.jpg]
[repo.biteyourapple.net/ico_repo/iapcracker.png]
[repo.biteyourapple.net/ico_repo/net.limneos.bioprotect.png]
[repo.biteyourapple.net/topDownloads.html]
[repo.biteyourapple.net/ico_repo/com.orikad.controllersforall.png]
[repo.biteyourapple.net/ico_repo/gamehack.png]
[repo.biteyourapple.net/ico_repo/spotium.png]
[repo.biteyourapple.net/topPackages.html]
[cdn.tynt.com/tc.js]
[widgets.amung.us/small.js]
[repo.biteyourapple.net/desktop/assets/images/thumbs.png]
[repo.biteyourapple.net/desktop/assets/images/loading.gif]
[repo.biteyourapple.net/desktop/assets/plugins/toastr/toastr.min.js]
[repo.biteyourapple.net/desktop/assets/js/jquery.lazy.min.js]
[repo.biteyourapple.net/screen_repo/default.png]
[w.sharethis.com/button/buttons.js]
[repo.biteyourapple.net/deb/callbarx.html]
[biteyourapplerepo.disqus.com/embed.js]
[repo.biteyourapple.net/deb/darkmessenger.html]
[repo.biteyourapple.net/deb/rickandmortyanimatedrespringlogo.html]
[repo.biteyourapple.net/deb/megapack.html]
[repo.biteyourapple.net/deb/arcmikxi.html]
[repo.biteyourapple.net/deb/borea1edark.html]
[repo.biteyourapple.net/deb/copicforwhatsapp.html]
[repo.biteyourapple.net/deb/dylibdisabler3.html]
[repo.biteyourapple.net/deb/homescreenparticlespack.html]
[repo.biteyourapple.net/deb/instaonlinemonitor.html]
[repo.biteyourapple.net/deb/lswatchdogs.html]
[repo.biteyourapple.net/ico_repo/org.thebigboss.appdrawer.png]
[repo.biteyourapple.net/ico_repo/com.hidan.nclink10.png]
[repo.biteyourapple.net/ico_repo/com.mbo42.proxyswitcher.png]
[repo.biteyourapple.net/deb/LocalIAPStore.html]
[repo.biteyourapple.net/ico_repo/com.ioscreatix.conditionalwifi2.png]
[repo.biteyourapple.net/ico_repo/com.golddavid.colorflow3.png]
[repo.biteyourapple.net/ico_repo/eu.teggers.waveflow.png]
[repo.biteyourapple.net/screen_repo/cydown1.png]
[repo.biteyourapple.net/screen_repo/cydown2.png]
[repo.biteyourapple.net/screen_repo/cydown3.png]
[repo.biteyourapple.net/screen_repo/cydown4.png]
[repo.biteyourapple.net/deb/cydown.html]
[repo.biteyourapple.net/ico_repo/com.phoenix.parallax.png]
[repo.biteyourapple.net/screen_repo/ifile1.png]
[repo.biteyourapple.net/screen_repo/ifile2.png]
[repo.biteyourapple.net/deb/ifile.html]
[repo.biteyourapple.net/ico_repo/com.f0u4d.stalky.png]
[repo.biteyourapple.net/ico_repo/org.thebigboss.minotifier2.png]
[repo.biteyourapple.net/ico_repo/com.ichitaso.textserchpro.png]
[repo.biteyourapple.net/screen_repo/barrel1.jpg]
[repo.biteyourapple.net/screen_repo/barrel2.jpg]
[repo.biteyourapple.net/deb/barrel.html]
[repo.biteyourapple.net/ico_repo/org.thebigboss.speaknotification.png]
[repo.biteyourapple.net/screen_repo/icleanerpro1.jpg]
[repo.biteyourapple.net/screen_repo/icleanerpro2.jpg]
[repo.biteyourapple.net/deb/icleanerpro.html]
[repo.biteyourapple.net/ico_repo/org.thebigboss.hudcustomizer.png]
[repo.biteyourapple.net/ico_repo/net.tetherme.tetherme8.png]
[repo.biteyourapple.net/screen_repo/AppCake21.png]
[repo.biteyourapple.net/screen_repo/AppCake22.png]
[repo.biteyourapple.net/screen_repo/AppCake23.png]
[repo.biteyourapple.net/screen_repo/AppCake24.png]
[repo.biteyourapple.net/deb/AppCake2.html]
[repo.biteyourapple.net/ico_repo/org.thebigboss.wakeinfo2.png]
[repo.biteyourapple.net/screen_repo/newmoviebox1.png]
[repo.biteyourapple.net/deb/newmoviebox.html]
[repo.biteyourapple.net/ico_repo/com.cpdigitaldarkroom.kairos2.png]
[repo.biteyourapple.net/ico_repo/com.cpdigitaldarkroom.iffound2.png]
[repo.biteyourapple.net/screen_repo/vshare1.jpg]
[repo.biteyourapple.net/deb/vshare.html]
[repo.biteyourapple.net/ico_repo/org.thebigboss.colorbadges.png]
[repo.biteyourapple.net/screen_repo/springtomize31.jpg]
[repo.biteyourapple.net/screen_repo/springtomize32.jpg]
[repo.biteyourapple.net/deb/springtomize3.html]
[repo.biteyourapple.net/ico_repo/com.callblocker.app.png]
[repo.biteyourapple.net/screen_repo/flex21.jpg]
[repo.biteyourapple.net/screen_repo/flex22.jpg]
[repo.biteyourapple.net/deb/flex2.html]
[repo.biteyourapple.net/ico_repo/org.thebigboss.classicplayer.png]
[repo.biteyourapple.net/ico_repo/net.erike.imageexplorer.png]
[repo.biteyourapple.net/ico_repo/net.erike.musicexplorer.png]
[repo.biteyourapple.net/ico_repo/net.erike.tagexplorer.png]
[repo.biteyourapple.net/ico_repo/net.erike.audioexplorerplus.png]
[repo.biteyourapple.net/screen_repo/bridge1.jpg]
[repo.biteyourapple.net/screen_repo/bridge2.jpg]
[repo.biteyourapple.net/deb/bridge.html]
[repo.biteyourapple.net/deb/byarepoicons.html]
[repo.biteyourapple.net/ico_repo/org.thebigboss.badgomizer.png]
[repo.biteyourapple.net/ico_repo/jp.r-plus.cloaky.png]
[repo.biteyourapple.net/screen_repo/iapcrazy1.jpg]
[repo.biteyourapple.net/deb/iapcrazy.html]
[repo.biteyourapple.net/desktop/assets/fonts/glyphicons-halflings-regular.html]
[repo.biteyourapple.net/desktop/assets/fonts/glyphicons-halflings-regulard41d.html]
[repo.biteyourapple.net/desktop/assets/fonts/glyphicons-halflings-regular-2.html]
[repo.biteyourapple.net/desktop/assets/fonts/glyphicons-halflings-regular-3.html]
[repo.biteyourapple.net/desktop/assets/fonts/glyphicons-halflings-regular-4.html]
[repo.biteyourapple.net/desktop/assets/fonts/glyphicons-halflings-regular.svg]
[repo.biteyourapple.net/desktop/assets/fonts/fontawesome-webfont3295.html]
[repo.biteyourapple.net/desktop/assets/fonts/fontawesome-webfontd41d.html]
[repo.biteyourapple.net/desktop/assets/fonts/fontawesome-webfont3295-2.html]
[repo.biteyourapple.net/desktop/assets/fonts/fontawesome-webfont3295-3.html]
[repo.biteyourapple.net/desktop/assets/fonts/fontawesome-webfont3295-4.html]
[repo.biteyourapple.net/desktop/assets/fonts/fontawesome-webfont3295-5.html]
[repo.biteyourapple.net/desktop/assets/fonts/themify9f24.html]
[repo.biteyourapple.net/desktop/assets/fonts/themifyd41d.html]
[repo.biteyourapple.net/desktop/assets/fonts/themify9f24-2.html]
[repo.biteyourapple.net/desktop/assets/fonts/themify9f24-3.html]
[repo.biteyourapple.net/desktop/assets/fonts/themify9f24-4.html]
[repo.biteyourapple.net/desktop/assets/fonts/Material-Design-Iconic-Fontd1f1.html]
[repo.biteyourapple.net/desktop/assets/fonts/Material-Design-Iconic-Fontd1f1-2.html]
[repo.biteyourapple.net/desktop/assets/fonts/Material-Design-Iconic-Fontd1f1-3.html]
[repo.biteyourapple.net/desktop/assets/fonts/flexslider-icon.html]
[repo.biteyourapple.net/desktop/assets/fonts/flexslider-icond41d.html]
[repo.biteyourapple.net/desktop/assets/fonts/flexslider-icon-2.html]
[repo.biteyourapple.net/desktop/assets/fonts/flexslider-icon-3.html]
[repo.biteyourapple.net/desktop/assets/fonts/flexslider-icon.svg]
[repo.biteyourapple.net/ico_repo/org.thebigboss.datameter.png]
[repo.biteyourapple.net/ico_repo/org.thebigboss.unicus.themepack.png]
[repo.biteyourapple.net/ico_repo/tw.hiraku.handykey.png]
[repo.biteyourapple.net/ico_repo/org.thebigboss.volumemixer.png]
[repo.biteyourapple.net/ico_repo/com.touhao1995.lock4glte.png]
[repo.biteyourapple.net/ico_repo/com.mbatey.3x4layouticonoclasm.png]
[repo.biteyourapple.net/ico_repo/com.junesiphone.screenshotapp.png]
[repo.biteyourapple.net/ico_repo/org.thebigboss.quartzmessages.png]
[repo.biteyourapple.net/ico_repo/com.healdb.orangeassistant.png]
[repo.biteyourapple.net/ico_repo/com.imokhles.wavelox.png]
[repo.biteyourapple.net/ico_repo/com.imokhles.ifilevelox.png]
[repo.biteyourapple.net/ico_repo/com.imokhles.twbvelox.png]
[repo.biteyourapple.net/ico_repo/org.thebigboss.actionslider.png]
[repo.biteyourapple.net/ico_repo/com.touhao1995.only3g.png]
[repo.biteyourapple.net/ico_repo/org.thebigboss.multiclips8.png]
[repo.biteyourapple.net/ico_repo/com.eswick.particlewallpapers.png]
[repo.biteyourapple.net/ico_repo/com.assistantplus.spotifycontrols.png]
[repo.biteyourapple.net/ico_repo/com.crazytonyli.chinesecalendarpro.png]
[repo.biteyourapple.net/ico_repo/org.thebigboss.batteryinfoweeapp.png]
[repo.biteyourapple.net/category/Addons.html]
[repo.biteyourapple.net/ico_repo/com.macciti.themebackup.png]
[repo.biteyourapple.net/category/Apps.html]
[repo.biteyourapple.net/ico_repo/premiumplayjb.jpg]
[repo.biteyourapple.net/ico_repo/premiumonline.png]
[repo.biteyourapple.net/ico_repo/infinityjb.png]
[repo.biteyourapple.net/ico_repo/posteid.png]
[repo.biteyourapple.net/ico_repo/abaenglish.png]
[repo.biteyourapple.net/ico_repo/babbelhack.png]
[repo.biteyourapple.net/ico_repo/napst0d.png]
[repo.biteyourapple.net/ico_repo/ifarmaci.jpg]
[repo.biteyourapple.net/ico_repo/instaliker.png]
[repo.biteyourapple.net/ico_repo/qqmusic.png]
[repo.biteyourapple.net/ico_repo/freelitics.png]
[repo.biteyourapple.net/ico_repo/emoji83.png]
[repo.biteyourapple.net/ico_repo/carrier.png]
[repo.biteyourapple.net/ico_repo/sleepbetter.png]
[repo.biteyourapple.net/ico_repo/evernote.png]
[repo.biteyourapple.net/ico_repo/todoist.jpg]
[repo.biteyourapple.net/ico_repo/wunderlist.png]
[repo.biteyourapple.net/ico_repo/memorado.png]
[repo.biteyourapple.net/category/BYA Tweaks.html]
[repo.biteyourapple.net/category/CP Digital Darkroom.html]
[repo.biteyourapple.net/ico_repo/com.unlimapps.uasharedtools.png]
[repo.biteyourapple.net/ico_repo/com.f0u4d.watusitools.png]
[repo.biteyourapple.net/ico_repo/com.imokhles.imodevtools.png]
[repo.biteyourapple.net/category/Development.html]
[repo.biteyourapple.net/ico_repo/com.spiritoflogic.aeternum.hives.ios10.png]
[repo.biteyourapple.net/category/Entertainment.html]
[repo.biteyourapple.net/category/Game Hack.html]
[repo.biteyourapple.net/ico_repo/com.juegamenia.gifnavidad.png]
[repo.biteyourapple.net/ico_repo/com.explusalpha.a2600emu.png]
[repo.biteyourapple.net/ico_repo/com.explusalpha.gbaemu.png]
[repo.biteyourapple.net/ico_repo/com.explusalpha.gbcemu.png]
[repo.biteyourapple.net/ico_repo/com.explusalpha.mdemu.png]
[repo.biteyourapple.net/ico_repo/com.explusalpha.msxemu.png]
[repo.biteyourapple.net/ico_repo/com.explusalpha.neoemu.png]
[repo.biteyourapple.net/ico_repo/com.explusalpha.nesemu.png]
[repo.biteyourapple.net/ico_repo/com.explusalpha.ngpemu.png]
[repo.biteyourapple.net/ico_repo/com.explusalpha.pceemu.png]
[repo.biteyourapple.net/ico_repo/com.explusalpha.c64emu.png]
[repo.biteyourapple.net/ico_repo/com.zodttd.gpsphone.png]
[repo.biteyourapple.net/ico_repo/com.explusalpha.snes9xex.png]
[repo.biteyourapple.net/ico_repo/com.explusalpha.snes9xexplus.png]
[repo.biteyourapple.net/ico_repo/com.retrorearmed.retrorearmed.png]
[repo.biteyourapple.net/ico_repo/com.bslapps.gameboyadxplus.png]
[repo.biteyourapple.net/ico_repo/com.bslapps.genesisadxplus.png]
[repo.biteyourapple.net/ico_repo/imemory.png]
[repo.biteyourapple.net/ico_repo/com.bslapps.isnes.png]
[repo.biteyourapple.net/ico_repo/com.zodttd.n64ios.png]
[repo.biteyourapple.net/category/Games.html]
[repo.biteyourapple.net/ico_repo/org.thebigboss.5rowcustomizablekeyboard.png]
[repo.biteyourapple.net/ico_repo/org.thebigboss.5rowcustomizablekeyboardipad.png]
[repo.biteyourapple.net/ico_repo/org.thebigboss.ikeywihd.png]
[repo.biteyourapple.net/ico_repo/net.9eye.yookeypro.ios7.png]
[repo.biteyourapple.net/ico_repo/com.fralima.predictivekeyboard.png]
[repo.biteyourapple.net/ico_repo/org.thebigboss.5rowarmeniankeyboard.png]
[repo.biteyourapple.net/ico_repo/org.thebigboss.5rowdeutschkeyboard.png]
[repo.biteyourapple.net/ico_repo/org.thebigboss.5rowkeyboardios4.png]
[repo.biteyourapple.net/ico_repo/org.thebigboss.5rowkeyboardipad.png]
[repo.biteyourapple.net/ico_repo/org.thebigboss.amarghaermiyaskeyboard.png]
[repo.biteyourapple.net/ico_repo/com.kb1ooo.iditdahtext.png]
[repo.biteyourapple.net/ico_repo/ca.miphone.idvorak.png]
[repo.biteyourapple.net/ico_repo/ca.miphone.iqwertz.png]
[repo.biteyourapple.net/ico_repo/org.thebigboss.5rowkoreankeyboard.png]
[repo.biteyourapple.net/ico_repo/co.cocoanuts.keylord.png]
[repo.biteyourapple.net/ico_repo/co.cocoanuts.quickphoto.png]
[repo.biteyourapple.net/ico_repo/org.thebigboss.turkishkeyboard.png]
[repo.biteyourapple.net/ico_repo/net.9eye.yookeypro.png]
[repo.biteyourapple.net/category/Keyboards.html]
[repo.biteyourapple.net/ico_repo/com.polytweaks.aerial.png]
[repo.biteyourapple.net/ico_repo/me.surenix.auki2.png]
[repo.biteyourapple.net/category/Messaging.html]
[repo.biteyourapple.net/ico_repo/popcorntime.png]
[repo.biteyourapple.net/ico_repo/org.thebigboss.protube.png]
[repo.biteyourapple.net/ico_repo/org.thebigboss.protubehd.png]
[repo.biteyourapple.net/ico_repo/com.peroon.musicbox.png]
[repo.biteyourapple.net/ico_repo/com.phoenix.mcpro.png]
[repo.biteyourapple.net/ico_repo/net.erike.coverartexplorer.png]
[repo.biteyourapple.net/ico_repo/net.erike.videoexplorer.png]
[repo.biteyourapple.net/ico_repo/com.i4iphones.unlimtones.png]
[repo.biteyourapple.net/ico_repo/org.thebigboss.airhomevideo.png]
[repo.biteyourapple.net/ico_repo/com.nin9tyfour.trackimport.png]
[repo.biteyourapple.net/ico_repo/ro.cast.eric.lyricflow.png]
[repo.biteyourapple.net/ico_repo/com.iamjake.mobiletubepro.png]
[repo.biteyourapple.net/category/Multimedia.html]
[repo.biteyourapple.net/ico_repo/ch.ringwald.gps.png]
[repo.biteyourapple.net/ico_repo/com.spiritoflogic.speedtrapsforgmaps.png]
[repo.biteyourapple.net/ico_repo/hk.siggi.sharegps.server.png]
[repo.biteyourapple.net/ico_repo/com.spiritoflogic.gmapsplus.png]
[repo.biteyourapple.net/ico_repo/com.ericday.blued-gps.png]
[repo.biteyourapple.net/category/Navigation.html]
[repo.biteyourapple.net/ico_repo/com.rootateverything.pirni.png]
[repo.biteyourapple.net/ico_repo/com.iwazowski.iweppro5.png]
[repo.biteyourapple.net/ico_repo/com.adriangranados.wifiexplorer.ios.png]
[repo.biteyourapple.net/ico_repo/com.ericday.blued-obex.png]
[repo.biteyourapple.net/ico_repo/net.tetherme.tetherme.png]
[repo.biteyourapple.net/ico_repo/com.guizmo.dns.png]
[repo.biteyourapple.net/ico_repo/com.pmbaty.pcnetworking.png]
[repo.biteyourapple.net/ico_repo/mewseek.png]
[repo.biteyourapple.net/ico_repo/com.ericday.ibluever.png]
[repo.biteyourapple.net/ico_repo/co.cocoanuts.celeste2.png]
[repo.biteyourapple.net/ico_repo/com.tuscanconcepts.bluetoothmode.png]
[repo.biteyourapple.net/ico_repo/co.cocoanuts.celeste.png]
[repo.biteyourapple.net/ico_repo/org.thebigboss.dessid.png]
[repo.biteyourapple.net/ico_repo/com.iwazoski.dlssid.png]
[repo.biteyourapple.net/ico_repo/com.opendns.dnscryptproxy.png]
[repo.biteyourapple.net/ico_repo/org.thebigboss.icontrolbits.png]
[repo.biteyourapple.net/ico_repo/org.thebigboss.ipshare.png]
[repo.biteyourapple.net/ico_repo/com.guizmo.openvpn.png]
[repo.biteyourapple.net/ico_repo/com.omashhour.prebrowser.png]
[repo.biteyourapple.net/ico_repo/com.jft.pn.png]
[repo.biteyourapple.net/category/Networking.html]
[repo.biteyourapple.net/category/Other.html]
[repo.biteyourapple.net/ico_repo/com.spiritoflogic.unifyx.png]
[repo.biteyourapple.net/ico_repo/com.imokhles.rendarya9.png]
[repo.biteyourapple.net/ico_repo/com.spiritoflogic.tabplusplus.png]
[repo.biteyourapple.net/ico_repo/com.yuyy.excelmessagesjb.png]
[repo.biteyourapple.net/ico_repo/info.aldub.phonenzb.png]
[repo.biteyourapple.net/ico_repo/com.intelliborn.elert.png]
[repo.biteyourapple.net/ico_repo/org.h2co3.fulldrop.png]
[repo.biteyourapple.net/ico_repo/com.intelliborn.intelliscreen.png]
[repo.biteyourapple.net/ico_repo/com.olliekett.locktodo.png]
[repo.biteyourapple.net/ico_repo/com.yvansoftware.mobilelog.png]
[repo.biteyourapple.net/ico_repo/com.wrightscs.mobileprofiles.png]
[repo.biteyourapple.net/ico_repo/com.intelliborn.myprofiles.png]
[repo.biteyourapple.net/ico_repo/com.phoenix.calendarpro4.png]
[repo.biteyourapple.net/ico_repo/com.sendspace.ishare.png]
[repo.biteyourapple.net/ico_repo/kr.co.episode.lsterm.png]
[repo.biteyourapple.net/ico_repo/org.thebigboss.sbprofiles.png]
[repo.biteyourapple.net/ico_repo/com.efiko.universalsearch.png]
[repo.biteyourapple.net/ico_repo/com.janusec.webcruiser.png]
[repo.biteyourapple.net/ico_repo/com.intelliborn.tlert.png]
[repo.biteyourapple.net/category/Productivity.html]
[repo.biteyourapple.net/ico_repo/com.spiritoflogic.itouchsecure.ios10.png]
[repo.biteyourapple.net/ico_repo/com.yllier.firewall7.png]
[repo.biteyourapple.net/ico_repo/com.spiritoflogic.itouchsecure.ios8.png]
[repo.biteyourapple.net/ico_repo/com.spiritoflogic.itouchsecure.png]
[repo.biteyourapple.net/ico_repo/com.spiritoflogic.photoalbumsplus.iphone.ios8.png]
[repo.biteyourapple.net/ico_repo/com.spiritoflogic.photoalbumsplus.iphone.ios7.png]
[repo.biteyourapple.net/ico_repo/com.aw.mobile.ikm.png]
[repo.biteyourapple.net/ico_repo/com.zdziarski.pairlock.png]
[repo.biteyourapple.net/ico_repo/com.nakedproductions.applocket.png]
[repo.biteyourapple.net/ico_repo/com.yllier.firewall.png]
[repo.biteyourapple.net/ico_repo/com.stubby5000.idiscrete.png]
[repo.biteyourapple.net/ico_repo/iwipe.png]
[repo.biteyourapple.net/ico_repo/com.trustmobi.mobisafe.png]
[repo.biteyourapple.net/ico_repo/com.nakedproductions.panicroom.png]
[repo.biteyourapple.net/category/Security.html]
[repo.biteyourapple.net/ico_repo/hapticpro.png]
[repo.biteyourapple.net/ico_repo/com.iarrays.libiarrays.png]
[repo.biteyourapple.net/ico_repo/com.kstreich-dev.3gunrestrictor5.png]
[repo.biteyourapple.net/ico_repo/com.booleanmagic.displayrecorder.png]
[repo.biteyourapple.net/ico_repo/com.a3tweaks.flipswitch.png]
[repo.biteyourapple.net/ico_repo/actionmenu-pluspack.png]
[repo.biteyourapple.net/ico_repo/com.rpetrich.colorprofiles.png]
[repo.biteyourapple.net/ico_repo/com.zmaster.androidlockxt.png]
[repo.biteyourapple.net/ico_repo/com.booleanmagic.displayout.png]
[repo.biteyourapple.net/ico_repo/com.codehex.whiteterminal.png]
[repo.biteyourapple.net/ico_repo/actionmenu.png]
[repo.biteyourapple.net/category/System.html]
[repo.biteyourapple.net/ico_repo/com.macciti.3vo.png]
[repo.biteyourapple.net/ico_repo/com.macciti.searchwidget2015.png]
[repo.biteyourapple.net/ico_repo/com.macciti.veexillum.png]
[repo.biteyourapple.net/ico_repo/com.macciti.banded.png]
[repo.biteyourapple.net/ico_repo/com.bushe.wethr.png]
[repo.biteyourapple.net/ico_repo/com.macciti.biscuit.png]
[repo.biteyourapple.net/ico_repo/com.macciti.splendore.png]
[repo.biteyourapple.net/ico_repo/com.macciti.flatish.png]
[repo.biteyourapple.net/ico_repo/com.macciti.flatishui.png]
[repo.biteyourapple.net/ico_repo/com.macciti.redanemone.png]
[repo.biteyourapple.net/ico_repo/com.macciti.ios9gradience.png]
[repo.biteyourapple.net/ico_repo/mobi.macciti.jaku.png]
[repo.biteyourapple.net/ico_repo/com.macciti.aceelcap.png]
[repo.biteyourapple.net/ico_repo/com.macciti.allegro.png]
[repo.biteyourapple.net/ico_repo/tema.png]
[repo.biteyourapple.net/ico_repo/com.macciti.classios9.png]
[repo.biteyourapple.net/ico_repo/com.macciti.aqueous.png]
[repo.biteyourapple.net/ico_repo/com.macciti.1nkaios9anemone.png]
[repo.biteyourapple.net/ico_repo/com.macciti.zeppelin7packios7.png]
[repo.biteyourapple.net/ico_repo/com.macciti.plexie.png]
[repo.biteyourapple.net/category/Themes.html]
[repo.biteyourapple.net/ico_repo/com.modmyi.a1derfulhdtheme.png]
[repo.biteyourapple.net/ico_repo/com.modmyi.rocketsaucehd.png]
[repo.biteyourapple.net/ico_repo/com.modmyi.1derlanddaarkglyphishicons.png]
[repo.biteyourapple.net/ico_repo/com.modmyi.1derlandwhiteglyphishicons.png]
[repo.biteyourapple.net/ico_repo/com.modmyi.1derland.png]
[repo.biteyourapple.net/ico_repo/com.modmyi.1derlandglyphishicons.png]
[repo.biteyourapple.net/ico_repo/com.modmyi.1derlandgoldglyphishicons.png]
[repo.biteyourapple.net/ico_repo/com.macciti.desireblackglyphios10.png]
[repo.biteyourapple.net/ico_repo/com.macciti.desireblackgoldios10.png]
[repo.biteyourapple.net/ico_repo/com.macciti.symbolismaepack1.png]
[repo.biteyourapple.net/ico_repo/com.macciti.clifebagdetheme.png]
[repo.biteyourapple.net/ico_repo/com.macciti.clifefoldertheme.png]
[repo.biteyourapple.net/ico_repo/com.macciti.class10effects.png]
[repo.biteyourapple.net/ico_repo/com.macciti.clifedocktheme.png]
[repo.biteyourapple.net/ico_repo/com.macciti.clifesettingsiconstheme.png]
[repo.biteyourapple.net/ico_repo/com.macciti.midnightpack.png]
[repo.biteyourapple.net/ico_repo/com.macciti.midnightvex.png]
[repo.biteyourapple.net/ico_repo/com.macciti.allegroessenzaios10licris17badges.png]
[repo.biteyourapple.net/ico_repo/com.macciti.allegroessenzaios10nsanemoneeffects.png]
[repo.biteyourapple.net/category/Themes (Addons).html]
[repo.biteyourapple.net/ico_repo/glasklarthd.png]
[repo.biteyourapple.net/ico_repo/com.modmyi.ax1umtheme.png]
[repo.biteyourapple.net/ico_repo/org.thebigboss.ayeris.png]
[repo.biteyourapple.net/ico_repo/org.thebigboss.ayerisipad.png]
[repo.biteyourapple.net/ico_repo/org.thebigboss.ayeconios7.png]
[repo.biteyourapple.net/ico_repo/org.thebigboss.ayeconipadios7.png]
[repo.biteyourapple.net/ico_repo/com.marcbouchenoire.enkeltneueipad.png]
[repo.biteyourapple.net/ico_repo/com.marcbouchenoire.enkeltneue.png]
[repo.biteyourapple.net/ico_repo/mobi.pd.haz3hdiphone.png]
[repo.biteyourapple.net/ico_repo/com.marcbouchenoire.enkelt.png]
[repo.biteyourapple.net/ico_repo/com.marcbouchenoire.enkeltipad.png]
[repo.biteyourapple.net/ico_repo/org.thebigboss.mylo.png]
[repo.biteyourapple.net/ico_repo/org.thebigboss.binaryhd.png]
[repo.biteyourapple.net/ico_repo/org.thebigboss.all3th.png]
[repo.biteyourapple.net/ico_repo/org.thebigboss.alphaaurahd.png]
[repo.biteyourapple.net/ico_repo/org.thebigboss.modernwoods.png]
[repo.biteyourapple.net/ico_repo/com.iphone266.266hdsystem.png]
[repo.biteyourapple.net/ico_repo/org.thebigboss.ayeconaddon.png]
[repo.biteyourapple.net/ico_repo/com.iphone266.a266panoramic.png]
[repo.biteyourapple.net/ico_repo/org.thebigboss.ayecon.png]
[repo.biteyourapple.net/category/Themes (Complete).html]
[repo.biteyourapple.net/ico_repo/com.macciti.starflyer.png]
[repo.biteyourapple.net/ico_repo/com.macciti.electricboogalooforlockhtml4.png]
[repo.biteyourapple.net/ico_repo/com.macciti.451packforlockplus.png]
[repo.biteyourapple.net/ico_repo/com.macciti.missionaccomplishedforlockplus.png]
[repo.biteyourapple.net/ico_repo/com.macciti.groovelectric.png]
[repo.biteyourapple.net/ico_repo/com.macciti.escapevelocityforlockplus.png]
[repo.biteyourapple.net/ico_repo/com.macciti.neongoddessforlockplus.png]
[repo.biteyourapple.net/ico_repo/com.macciti.timelordforlockplus.png]
[repo.biteyourapple.net/ico_repo/com.macciti.quadralacious.png]
[repo.biteyourapple.net/ico_repo/com.macciti.materialdesignmountains.png]
[repo.biteyourapple.net/ico_repo/com.macciti.peralandra.png]
[repo.biteyourapple.net/ico_repo/com.macciti.cleanfun.png]
[repo.biteyourapple.net/ico_repo/com.macciti.explorelife.png]
[repo.biteyourapple.net/ico_repo/com.macciti.starspin.png]
[repo.biteyourapple.net/ico_repo/com.macciti.theflashminimal.png]
[repo.biteyourapple.net/ico_repo/com.macciti.zenclarity.png]
[repo.biteyourapple.net/ico_repo/com.macciti.zenclaritywapps.png]
[repo.biteyourapple.net/category/Themes (Lock +).html]
[repo.biteyourapple.net/ico_repo/com.macciti.abstracticons3pack.png]
[repo.biteyourapple.net/ico_repo/com.macciti.grandlslockhtml.png]
[repo.biteyourapple.net/ico_repo/com.macciti.joyelectricone.png]
[repo.biteyourapple.net/ico_repo/com.macciti.smartclock.png]
[repo.biteyourapple.net/ico_repo/com.macciti.mountains.png]
[repo.biteyourapple.net/ico_repo/com.hackthatifone.analockhd.png]
[repo.biteyourapple.net/ico_repo/com.gameandgadgets.aquariumcydget.png]
[repo.biteyourapple.net/ico_repo/com.pixilated.frostls.png]
[repo.biteyourapple.net/ico_repo/com.hackthatifone.lselegantpeace.png]
[repo.biteyourapple.net/ico_repo/com.doogeemoa.neonshenfu.png]
[repo.biteyourapple.net/ico_repo/com.gameandgadgets.ajapanthemeclock.png]
[repo.biteyourapple.net/ico_repo/com.zmaster.androidlock.png]
[repo.biteyourapple.net/ico_repo/com.gameandgadgets.achristmaswindow.png]
[repo.biteyourapple.net/ico_repo/com.gameandgadgets.animatedfireworkshdtheme.png]
[repo.biteyourapple.net/ico_repo/com.gameandgadgets.autumnhdlockscreen.png]
[repo.biteyourapple.net/ico_repo/com.gameandgadgets.fallingleaveslstheme.png]
[repo.biteyourapple.net/ico_repo/com.doogeemoa.tia.png]
[repo.biteyourapple.net/category/Themes (LockScreen).html]
[repo.biteyourapple.net/ico_repo/com.macciti.rupii.png]
[repo.biteyourapple.net/ico_repo/com.macciti.vision.png]
[repo.biteyourapple.net/ico_repo/com.macciti.velour.png]
[repo.biteyourapple.net/ico_repo/com.macciti.abbozzo.png]
[repo.biteyourapple.net/ico_repo/com.macciti.boomstar.png]
[repo.biteyourapple.net/ico_repo/com.macciti.boomstarforwinterboard.png]
[repo.biteyourapple.net/ico_repo/com.macciti.acew2.png]
[repo.biteyourapple.net/ico_repo/com.macciti.linearglyphs.png]
[repo.biteyourapple.net/ico_repo/com.macciti.10n1cgl0w.png]
[repo.biteyourapple.net/ico_repo/com.macciti.linear.png]
[repo.biteyourapple.net/ico_repo/com.macciti.sausage.png]
[repo.biteyourapple.net/ico_repo/com.macciti.kandy.png]
[repo.biteyourapple.net/ico_repo/com.macciti.10n1cg0ld.png]
[repo.biteyourapple.net/ico_repo/com.macciti.amuse10lem0n.png]
[repo.biteyourapple.net/ico_repo/com.macciti.colortpremium.png]
[repo.biteyourapple.net/ico_repo/com.macciti.whitelit.png]
[repo.biteyourapple.net/ico_repo/com.macciti.betterglyphs.png]
[repo.biteyourapple.net/ico_repo/com.macciti.murkyforios.png]
[repo.biteyourapple.net/ico_repo/com.macciti.iceappleios10.png]
[repo.biteyourapple.net/ico_repo/com.macciti.furatto.png]
[repo.biteyourapple.net/category/Themes (SpringBoard).html]
[repo.biteyourapple.net/ico_repo/tweetbot4.jpg]
[repo.biteyourapple.net/ico_repo/mifitita.png]
[repo.biteyourapple.net/ico_repo/tweetbot3ita.png]
[repo.biteyourapple.net/ico_repo/com.plipala.ccsettings.png]
[repo.biteyourapple.net/ico_repo/org.thebigboss.eclipse.png]
[repo.biteyourapple.net/ico_repo/com.f0u4d.socialduplicator.png]
[repo.biteyourapple.net/category/Traduzioni ITA.html]
[repo.biteyourapple.net/ico_repo/info.adolfoi.rapidfiretap.png]
[repo.biteyourapple.net/ico_repo/com.unlimapps.uaupdatetools.png]
[repo.biteyourapple.net/ico_repo/com.f0u4d.onlinenotify.png]
[repo.biteyourapple.net/category/Tweaks.html]
[repo.biteyourapple.net/ico_repo/com.dirtybeans.csources2.png]
[repo.biteyourapple.net/ico_repo/com.pragmatixconsulting.packagebackup.png]
[repo.biteyourapple.net/ico_repo/iblacklist.png]
[repo.biteyourapple.net/ico_repo/org.thebigboss.diskpie.png]
[repo.biteyourapple.net/ico_repo/com.synnyg.backupaz2.png]
[repo.biteyourapple.net/ico_repo/com.clezz.quickdo.png]
[repo.biteyourapple.net/ico_repo/com.thiagoconti.groupringer.png]
[repo.biteyourapple.net/ico_repo/com.niufenfen.ischeduler.png]
[repo.biteyourapple.net/ico_repo/com.cocoamug.adblock.png]
[repo.biteyourapple.net/ico_repo/de.posdorfer.avatarsync.png]
[repo.biteyourapple.net/ico_repo/org.thebigboss.whereismycar.png]
[repo.biteyourapple.net/ico_repo/com.synnyg.backupaz.png]
[repo.biteyourapple.net/ico_repo/com.usaconcepts.signalrefresh.png]
[repo.biteyourapple.net/ico_repo/org.thebigboss.notifierplus.png]
[repo.biteyourapple.net/ico_repo/it.drcomputer.messages2pdf.png]
[repo.biteyourapple.net/ico_repo/com.k2designlab.ejuice.png]
[repo.biteyourapple.net/category/Utilities.html]
[repo.biteyourapple.net/ico_repo/com.macciti.cubewidget.png]
[repo.biteyourapple.net/ico_repo/com.macciti.reflescentls.png]
[repo.biteyourapple.net/ico_repo/com.macciti.delphisearchlauncher.png]
[repo.biteyourapple.net/ico_repo/com.macciti.shinji9.png]
[repo.biteyourapple.net/ico_repo/com.macciti.ice9.png]
[repo.biteyourapple.net/ico_repo/com.macciti.simplemailwidget.png]
[repo.biteyourapple.net/ico_repo/com.macciti.simplemessageswidget.png]
[repo.biteyourapple.net/ico_repo/com.macciti.reflescentsb.png]
[repo.biteyourapple.net/ico_repo/com.macciti.janus.png]
[repo.biteyourapple.net/ico_repo/com.macciti.groovalicious.png]
[repo.biteyourapple.net/ico_repo/com.macciti.novellas.png]
[repo.biteyourapple.net/ico_repo/com.macciti.opwmeta.png]
[repo.biteyourapple.net/ico_repo/com.macciti.starflyerforiwidgets.png]
[repo.biteyourapple.net/ico_repo/com.macciti.opwgreenbay.png]
[repo.biteyourapple.net/ico_repo/com.macciti.cubic.png]
[repo.biteyourapple.net/ico_repo/com.macciti.terminalfailure.png]
[repo.biteyourapple.net/ico_repo/com.macciti.tdmdclockcalendarwidgetpack1forlockhtml.png]
[repo.biteyourapple.net/ico_repo/com.macciti.widgetassistant.png]
[repo.biteyourapple.net/category/Widgets.html]
[repo.biteyourapple.net/deb/miitch.html]
[repo.biteyourapple.net/deb/ripplerespring.html]
[repo.biteyourapple.net/deb/simplepowerdownmenu.html]
[repo.biteyourapple.net/deb/vintagesquarebadges.html]
[repo.biteyourapple.net/screen_repo/rocket1.jpg]
[repo.biteyourapple.net/deb/rocket.html]
[repo.biteyourapple.net/ico_repo/com.idevicelover.socialdownloader.png]
[repo.biteyourapple.net/ico_repo/com.cpdigitaldarkroom.timealarm.png]
[repo.biteyourapple.net/screen_repo/autotouch81.jpg]
[repo.biteyourapple.net/screen_repo/autotouch82.jpg]
[repo.biteyourapple.net/deb/autotouch8.html]
[repo.biteyourapple.net/deb/bleed.html]
[repo.biteyourapple.net/deb/folderscolors.html]
[repo.biteyourapple.net/deb/fujixi.html]
[repo.biteyourapple.net/deb/omegaios11.html]
[repo.biteyourapple.net/deb/snaturexi.html]
[repo.biteyourapple.net/deb/verticaltime.html]
[repo.biteyourapple.net/deb/felicity.html]
[repo.biteyourapple.net/deb/iosgodscomasphalt9.html]
[repo.biteyourapple.net/deb/010.html]
[repo.biteyourapple.net/deb/amazonite.html]
[repo.biteyourapple.net/deb/animationbefast.html]
[repo.biteyourapple.net/deb/asties.html]
[repo.biteyourapple.net/deb/aubeios11.html]
[repo.biteyourapple.net/deb/berry.html]
[repo.biteyourapple.net/deb/circuitxi.html]
[repo.biteyourapple.net/deb/closecam.html]
[repo.biteyourapple.net/deb/cracktool3.html]
[repo.biteyourapple.net/deb/cst.html]
[repo.biteyourapple.net/deb/darkmailtweaks.html]
[repo.biteyourapple.net/deb/duo.html]
[repo.biteyourapple.net/deb/elegantxi.html]
[repo.biteyourapple.net/deb/embarktimewidgets.html]
[repo.biteyourapple.net/deb/flashorama.html]
[repo.biteyourapple.net/deb/iphonexwallpaperspack2.html]
[repo.biteyourapple.net/deb/kr0nos.html]
[repo.biteyourapple.net/deb/kyresi11.html]
[repo.biteyourapple.net/deb/libertylite.html]
[repo.biteyourapple.net/deb/linethemehack.html]
[repo.biteyourapple.net/deb/lockanim.html]
[repo.biteyourapple.net/deb/multiwidgetls.html]
[repo.biteyourapple.net/deb/muzikwidget.html]
[repo.biteyourapple.net/deb/neworder.html]
[repo.biteyourapple.net/deb/noccblurxi.html]
[repo.biteyourapple.net/deb/papercutxi.html]
[repo.biteyourapple.net/deb/photolockdown.html]
[repo.biteyourapple.net/deb/piksel.html]
[repo.biteyourapple.net/deb/recordntorch.html]
[repo.biteyourapple.net/deb/respringcolors.html]
[repo.biteyourapple.net/deb/respringpack01.html]
[repo.biteyourapple.net/deb/sbew88.html]
[repo.biteyourapple.net/deb/senddelay.html]
[repo.biteyourapple.net/deb/textemojis.html]
[repo.biteyourapple.net/deb/toketime.html]
[repo.biteyourapple.net/deb/trivicethemes.html]
[repo.biteyourapple.net/deb/vincent.html]
[repo.biteyourapple.net/deb/watusicrack.html]
[repo.biteyourapple.net/deb/widget.html]
[repo.biteyourapple.net/ico_repo/com.daniilpashin.coloredvk2.png]
[repo.biteyourapple.net/ico_repo/org.coolstar.ventana.png]
[repo.biteyourapple.net/screen_repo/phonecaller1.jpg]
[repo.biteyourapple.net/screen_repo/phonecaller2.jpg]
[repo.biteyourapple.net/deb/phonecaller.html]
[repo.biteyourapple.net/ico_repo/com.cpdigitaldarkroom.benrosen.facespro.png]
[repo.biteyourapple.net/screen_repo/gramplus1.jpg]
[repo.biteyourapple.net/screen_repo/gramplus2.jpg]
[repo.biteyourapple.net/deb/gramplus.html]
[repo.biteyourapple.net/ico_repo/org.thebigboss.anilaunch.png]
[repo.biteyourapple.net/deb/mikoto.html]
[repo.biteyourapple.net/ico_repo/com.iarrays.deletecontact.png]
[repo.biteyourapple.net/ico_repo/com.dgh0st.screenshotxi.png]
[repo.biteyourapple.net/screen_repo/watusi1.jpg]
[repo.biteyourapple.net/screen_repo/watusi2.jpg]
[repo.biteyourapple.net/deb/watusi.html]
[repo.biteyourapple.net/ico_repo/com.cpdigitaldarkroom.smartpass.png]
[repo.biteyourapple.net/screen_repo/instalauncher1.jpg]
[repo.biteyourapple.net/screen_repo/instalauncher2.jpg]
[repo.biteyourapple.net/deb/instalauncher.html]
[repo.biteyourapple.net/ico_repo/com.cpdigitaldarkroom.nowability.png]
[repo.biteyourapple.net/screen_repo/xgpspro1.jpg]
[repo.biteyourapple.net/screen_repo/xgpspro2.jpg]
[repo.biteyourapple.net/deb/xgpspro.html]
[repo.biteyourapple.net/deb/liberty.html]
[repo.biteyourapple.net/deb/appdatamanager.html]
[repo.biteyourapple.net/deb/flex3.html]
[repo.biteyourapple.net/ico_repo/org.thebigboss.gpscheat.png]
[repo.biteyourapple.net/deb/celldia.html]
[repo.biteyourapple.net/deb/lockdroid.html]
[repo.biteyourapple.net/deb/libcspreferences.html]
[repo.biteyourapple.net/deb/hyperion.html]
[repo.biteyourapple.net/deb/powerselector11.html]
[repo.biteyourapple.net/deb/appstoreplusplus.html]
[repo.biteyourapple.net/deb/borea1e.html]
[repo.biteyourapple.net/deb/bubbles.html]
[repo.biteyourapple.net/deb/homeswitcher.html]
[repo.biteyourapple.net/deb/libcscolorpicker.html]
[repo.biteyourapple.net/deb/subl1mepro.html]
[repo.biteyourapple.net/deb/xliconset.html]
[repo.biteyourapple.net/screen_repo/moviebox1.png]
[repo.biteyourapple.net/screen_repo/moviebox2.png]
[repo.biteyourapple.net/screen_repo/moviebox3complete1.png]
[repo.biteyourapple.net/deb/moviebox.html]
[repo.biteyourapple.net/screen_repo/appsync70plus1.png]
[repo.biteyourapple.net/deb/appsync70plus.html]
[repo.biteyourapple.net/deb/appsyncunified.html]
[repo.biteyourapple.net/deb/IAPFree.html]
[repo.biteyourapple.net/screen_repo/iap1.png]
[repo.biteyourapple.net/screen_repo/iap2.jpg]
[repo.biteyourapple.net/deb/iap.html]
[repo.biteyourapple.net/deb/commonlibs.html]
[repo.biteyourapple.net/screen_repo/bioprotect1.jpg]
[repo.biteyourapple.net/screen_repo/bioprotect2.jpg]
[repo.biteyourapple.net/deb/bioprotect.html]
[repo.biteyourapple.net/screen_repo/appsync50plus1.png]
[repo.biteyourapple.net/deb/appsync50plus.html]
[repo.biteyourapple.net/deb/utils.html]
[repo.biteyourapple.net/ico_repo/com.chpwn.infinidock.png]
[repo.biteyourapple.net/ico_repo/bitesms.png]
[repo.biteyourapple.net/ico_repo/com.yllier.blocker2.png]
[repo.biteyourapple.net/ico_repo/com.ouraigua.safaridownloaderplus.png]
[repo.biteyourapple.net/ico_repo/com.nnfyrbsnss.applocker.png]
[repo.biteyourapple.net/ico_repo/appaddict.jpg]
[repo.biteyourapple.net/ico_repo/com.filippobiga.springtomize2.png]
[repo.biteyourapple.net/ico_repo/com.w00tylab.virtualhome8.png]
[repo.biteyourapple.net/ico_repo/com.harrisonapps.pandora-downloader.png]
[repo.biteyourapple.net/ico_repo/net.9eye.colorkeyboard.png]
[repo.biteyourapple.net/topDownloads4658.html]
[repo.biteyourapple.net/ico_repo/com.yllier.blocker.png]
[repo.biteyourapple.net/ico_repo/org.thebigboss.auxo.png]
[repo.biteyourapple.net/ico_repo/net.limneos.callrecorder.png]
[repo.biteyourapple.net/ico_repo/com.a3tweaks.auxo2.png]
[repo.biteyourapple.net/ico_repo/zeusmos.png]
[repo.biteyourapple.net/ico_repo/com.intelliborn.intelliscreenx.png]
[repo.biteyourapple.net/ico_repo/pp25.png]
[repo.biteyourapple.net/ico_repo/com.iky1e.swipeselection-pro.png]
[repo.biteyourapple.net/ico_repo/com.chpwn.zephyr.png]
[repo.biteyourapple.net/ico_repo/net.limneos.callbar7.png]
[repo.biteyourapple.net/ico_repo/com.malcolmhall.wifibooster.png]
[repo.biteyourapple.net/topDownloads9ba9.html]
[repo.biteyourapple.net/ico_repo/org.thebigboss.2x2foldericons.png]
[repo.biteyourapple.net/ico_repo/com.a3tweaks.apex2.png]
[repo.biteyourapple.net/ico_repo/com.xuzzproductions.iphone.cydia.gridlock2.png]
[repo.biteyourapple.net/ico_repo/com.chpwn.infinifolders.png]
[repo.biteyourapple.net/ico_repo/com.wynd.dreamboard.png]
[repo.biteyourapple.net/ico_repo/com.freemanrepo.waplus.png]
[repo.biteyourapple.net/ico_repo/org.thebigboss.spin.png]
[repo.biteyourapple.net/ico_repo/com.a3tweaks.auxo3.png]
[repo.biteyourapple.net/ico_repo/ipastore.jpg]
[repo.biteyourapple.net/ico_repo/org.thebigboss.eclipse2.png]
[repo.biteyourapple.net/ico_repo/org.thebigboss.anchor.png]
[repo.biteyourapple.net/ico_repo/net.r-ch.iconoclasm.png]
[repo.biteyourapple.net/topDownloadsfdb0.html]
[repo.biteyourapple.net/ico_repo/org.thebigboss.intube2.png]
[repo.biteyourapple.net/ico_repo/com.spiritoflogic.aeternum.png]
[repo.biteyourapple.net/ico_repo/org.hacx.volumeamplifier.png]
[repo.biteyourapple.net/ico_repo/com.alberts.youtubetomp3.png]
[repo.biteyourapple.net/ico_repo/com.mxweas.mxtube.png]
[repo.biteyourapple.net/ico_repo/hipstore.png]
[repo.biteyourapple.net/ico_repo/org.thebigboss.weatherboard8.png]
[repo.biteyourapple.net/ico_repo/org.thebigboss.guestmode.png]
[repo.biteyourapple.net/ico_repo/org.thebigboss.callbar.png]
[repo.biteyourapple.net/ico_repo/com.modmyi.aura.png]
[repo.biteyourapple.net/ico_repo/com.idd.barreldock.png]
[repo.biteyourapple.net/ico_repo/com.aaronash.watchboard.png]
[repo.biteyourapple.net/ico_repo/gba4ios.png]
[repo.biteyourapple.net/ico_repo/net.limneos.smarttap.png]
[repo.biteyourapple.net/ico_repo/org.thebigboss.ayeconspringboard.png]
[repo.biteyourapple.net/topDownloadsaf4d.html]
[repo.biteyourapple.net/ico_repo/com.chpwn.infiniboard.png]
[repo.biteyourapple.net/ico_repo/jp.ashikase.folderenhancer.png]
[repo.biteyourapple.net/ico_repo/com.a3tweaks.polus.png]
[repo.biteyourapple.net/ico_repo/org.thebigboss.locationfaker8.png]
[repo.biteyourapple.net/ico_repo/com.modmyi.nextgenui.png]
[repo.biteyourapple.net/ico_repo/com.r333d.equalizereverywhere.png]
[repo.biteyourapple.net/ico_repo/com.tigisoftware.filza.png]
[repo.biteyourapple.net/ico_repo/colorflow.png]
[repo.biteyourapple.net/ico_repo/com.malcolmhall.sleepfx.png]
[repo.biteyourapple.net/ico_repo/org.thebigboss.auki.png]
[repo.biteyourapple.net/ico_repo/com.dba-tech.common.png]
[repo.biteyourapple.net/topDownloadsc575.html]
[repo.biteyourapple.net/ico_repo/net.joedj.nitrous.png]
[repo.biteyourapple.net/ico_repo/org.thebigboss.atom.png]
[repo.biteyourapple.net/ico_repo/kr.typostudio.tsprotector8.png]
[repo.biteyourapple.net/ico_repo/org.thebigboss.ioptimizeurbattery7.png]
[repo.biteyourapple.net/ico_repo/biolockdown.png]
[repo.biteyourapple.net/ico_repo/org.thebigboss.slices.png]
[repo.biteyourapple.net/ico_repo/net.limneos.aquaboard.png]
[repo.biteyourapple.net/ico_repo/org.thebigboss.slide2kill8pro.png]
[repo.biteyourapple.net/ico_repo/mobileterminal-applesdk.png]
[repo.biteyourapple.net/ico_repo/org.thebigboss.intube.png]
[repo.biteyourapple.net/ico_repo/jp.ashikase.folderenhancer2.png]
[repo.biteyourapple.net/ico_repo/com.tw3pole.exkey.png]
[repo.biteyourapple.net/topDownloads235c.html]
[repo.biteyourapple.net/ico_repo/com.macciti.zeppelin8packios7.png]
[repo.biteyourapple.net/ico_repo/org.thebigboss.homescreendesigner.png]
[repo.biteyourapple.net/ico_repo/me.freemanrepo.cercube.png]
[repo.biteyourapple.net/ico_repo/org.thebigboss.eclipse3.png]
[repo.biteyourapple.net/ico_repo/net.9eye.colorkeyboard.ios7.png]
[repo.biteyourapple.net/ico_repo/com.intelliborn.mywi7.png]
[repo.biteyourapple.net/ico_repo/ppsspp.png]
[repo.biteyourapple.net/ico_repo/org.thebigboss.subtlelock7.png]
[repo.biteyourapple.net/ico_repo/org.thebigboss.ayeconothertheme.png]
[repo.biteyourapple.net/ico_repo/cc.tweak.statushud.png]
[repo.biteyourapple.net/ico_repo/deezert3r.png]
[repo.biteyourapple.net/topDownloadsfdfa.html]
[repo.biteyourapple.net/ico_repo/com.macciti.cappuccinoikeysios10.png]
[repo.biteyourapple.net/ico_repo/com.modmyi.c0nceptpurplefi.png]
[repo.biteyourapple.net/ico_repo/com.macciti.cappuccinolswidgeti6ios10.png]
[repo.biteyourapple.net/ico_repo/com.macciti.cappuccinolswidgeti6plusios10.png]
[repo.biteyourapple.net/ico_repo/com.macciti.cappuccinowallsi6ios10.png]
[repo.biteyourapple.net/ico_repo/com.ichitaso.spnosuggest.png]
[repo.biteyourapple.net/ico_repo/com.macciti.cappuccinolswidgeti5ios10.png]
[repo.biteyourapple.net/ico_repo/com.macciti.elixirlswidget.png]
[repo.biteyourapple.net/ico_repo/com.macciti.allegrotintolicris17pokemonicons.png]
[repo.biteyourapple.net/ico_repo/com.modmyi.flawlesshdblue9iwidget.png]
[repo.biteyourapple.net/ico_repo/com.modmyi.c0nceptvioletwallsi4.png]
[repo.biteyourapple.net/ico_repo/com.macciti.cappuccinowallsi6plusios10.png]
[repo.biteyourapple.net/ico_repo/com.macciti.bossdayios9ipadprofix.png]
[repo.biteyourapple.net/topDownloadse75f.html]
[repo.biteyourapple.net/ico_repo/com.macciti.hollowios9ipadprofix.png]
[repo.biteyourapple.net/ico_repo/com.macciti.bl1ckorange.png]
[repo.biteyourapple.net/ico_repo/com.modmyi.syrenanemonepagedots.png]
[repo.biteyourapple.net/ico_repo/com.macciti.cerk0lipadpinkui.png]
[repo.biteyourapple.net/ico_repo/com.modmyi.c0nceptvioletck.png]
[repo.biteyourapple.net/ico_repo/org.thebigboss.userscriptsloader.png]
[repo.biteyourapple.net/ico_repo/com.modmyi.f1rsticonsset.png]
[repo.biteyourapple.net/topDownloads7352.html]
[repo.biteyourapple.net/ico_repo/jp.r-plus.sleipnizer3.png]
[repo.biteyourapple.net/screen_repo/controllersforall1.jpg]
[repo.biteyourapple.net/screen_repo/controllersforall2.jpg]
[repo.biteyourapple.net/deb/controllersforall.html]
[repo.biteyourapple.net/screen_repo/8ballpoolhack1.jpg]
[repo.biteyourapple.net/screen_repo/8ballpoolhack2.jpg]
[repo.biteyourapple.net/deb/8ballpoolhack.html]
[repo.biteyourapple.net/screen_repo/spotium1.jpg]
[repo.biteyourapple.net/screen_repo/spotium2.jpg]
[repo.biteyourapple.net/deb/spotium.html]
[repo.biteyourapple.net/screen_repo/spotilife1.jpg]
[repo.biteyourapple.net/screen_repo/spotilife2.jpg]
[repo.biteyourapple.net/screen_repo/spotilife3.jpg]
[repo.biteyourapple.net/deb/spotilife.html]
[repo.biteyourapple.net/ico_repo/org.thebigboss.lockscreencalendar.png]
[repo.biteyourapple.net/topPackages4658.html]
[repo.biteyourapple.net/ico_repo/org.thebigboss.fakestep.png]
[repo.biteyourapple.net/ico_repo/com.cokepokes.phantom.png]
[repo.biteyourapple.net/ico_repo/com.imatt.a1acompletelysexy.png]
[repo.biteyourapple.net/topPackages9ba9.html]
[repo.biteyourapple.net/ico_repo/com.bushe.lockhtml4.png]
[repo.biteyourapple.net/ico_repo/me.simonselg.callenhancer.png]
[repo.biteyourapple.net/ico_repo/com.clezz.tage.png]
[repo.biteyourapple.net/topPackagesfdb0.html]
[repo.biteyourapple.net/ico_repo/org.thebigboss.eclipse4.png]
[repo.biteyourapple.net/ico_repo/com.macciti.aurum.png]
[repo.biteyourapple.net/ico_repo/net.limneos.vocoder.png]
[repo.biteyourapple.net/topPackagesaf4d.html]
[repo.biteyourapple.net/ico_repo/com.ouraigua.audicy.png]
[repo.biteyourapple.net/ico_repo/org.thebigboss.cameratweak4.png]
[repo.biteyourapple.net/ico_repo/com.zodttd.psx4all.png]
[repo.biteyourapple.net/ico_repo/com.tweakwiz.personalassistant.png]
[repo.biteyourapple.net/topPackagesc575.html]
[repo.biteyourapple.net/ico_repo/org.thebigboss.appellancy.png]
[repo.biteyourapple.net/ico_repo/com.eltonbolzanac.screenrecorder.png]
[repo.biteyourapple.net/ico_repo/kr.typostudio.tsmanagera.png]
[repo.biteyourapple.net/ico_repo/de.rud0lf77.adaptivekeyboard.png]
[repo.biteyourapple.net/topPackages235c.html]
[repo.biteyourapple.net/ico_repo/com.f0u4d.socialduplicator2.png]
[repo.biteyourapple.net/ico_repo/com.springtomize.st4.png]
[repo.biteyourapple.net/ico_repo/com.golddavid.colorflow2.png]
[repo.biteyourapple.net/ico_repo/com.slugrail.ipainstaller.png]
[repo.biteyourapple.net/ico_repo/org.thebigboss.messageheads.png]
[repo.biteyourapple.net/ico_repo/com.f0u4d.watusi.png]
[repo.biteyourapple.net/ico_repo/me.autotouch.autotouch.png]
[repo.biteyourapple.net/ico_repo/me.simonselg.betterwifi7.png]
[repo.biteyourapple.net/ico_repo/com.cpdigitaldarkroom.edge.png]
[repo.biteyourapple.net/topPackagesfdfa.html]
[repo.biteyourapple.net/ico_repo/be.rud0lf77.usefulicons.png]
[repo.biteyourapple.net/ico_repo/com.macciti.variegated.png]
[repo.biteyourapple.net/ico_repo/com.imokhles.vbenhancer.png]
[repo.biteyourapple.net/ico_repo/com.modmyi.vine.png]
[repo.biteyourapple.net/ico_repo/org.thebigboss.vinedownloader.png]
[repo.biteyourapple.net/ico_repo/com.macciti.vinilo.png]
[repo.biteyourapple.net/ico_repo/org.rdharris.wakewithweather.png]
[repo.biteyourapple.net/ico_repo/me.alvinzhu.walkingdead.png]
[repo.biteyourapple.net/ico_repo/com.brandontaylor.weatherelements.png]
[repo.biteyourapple.net/ico_repo/com.modmyi.weatherhd2.png]
[repo.biteyourapple.net/ico_repo/com.macciti.weatherlockscreenpack.png]
[repo.biteyourapple.net/ico_repo/ch.weblooks.webe-plus.png]
[repo.biteyourapple.net/ico_repo/org.thebigboss.weboffline.png]
[repo.biteyourapple.net/ico_repo/com.planet-iphones.whirlpool.png]
[repo.biteyourapple.net/ico_repo/org.thebigboss.whoisthis.png]
[repo.biteyourapple.net/topPackages1941.html]
[repo.biteyourapple.net/ico_repo/com.modmyi.widgetmagic.png]
[repo.biteyourapple.net/ico_repo/in.timper.wolframalphaprowidget.png]
[repo.biteyourapple.net/ico_repo/com.modmyi.xclassanimweatherwidgetsi6.png]
[repo.biteyourapple.net/ico_repo/org.thebigboss.ywatcher.png]
[repo.biteyourapple.net/ico_repo/com.macciti.zeppelinscratchi4.png]
[repo.biteyourapple.net/ico_repo/mobi.macciti.zeus.png]
[repo.biteyourapple.net/topPackages7835.html]
[repo.biteyourapple.net/amung.us/small.html]
[repo.biteyourapple.net/desktop/assets/css/screenshot.css]
[repo.biteyourapple.net/desktop/assets/plugins/toastr/toastr.css]
[repo.biteyourapple.net/author/BYA.html]
[repo.biteyourapple.net/deb/peek-a-boo.html]
[repo.biteyourapple.net/deb/bitstatus.html]
[repo.biteyourapple.net/deb/vscoxlocallapstore.html]
[repo.biteyourapple.net/vote_process.html]
[repo.biteyourapple.net/deb/twitterdarkmode.html]
[repo.biteyourapple.net/deb/videoshophack.html]
[repo.biteyourapple.net/deb/videostarhack.html]
[repo.biteyourapple.net/screen_repo/barmoji1.jpg]
[repo.biteyourapple.net/screen_repo/barmoji2.jpg]
[repo.biteyourapple.net/deb/barmoji.html]
[repo.biteyourapple.net/deb/albumartasbackground.html]
[repo.biteyourapple.net/deb/silentrecorder.html]
[repo.biteyourapple.net/deb/chika.html]
[repo.biteyourapple.net/deb/jooxpremium.html]
[repo.biteyourapple.net/deb/safeccmodules.html]
[repo.biteyourapple.net/deb/mariomaps.html]
[repo.biteyourapple.net/deb/lspulltodismiss.html]
[repo.biteyourapple.net/deb/assemblyhack.html]
[repo.biteyourapple.net/deb/cclink.html]
[repo.biteyourapple.net/deb/imo7andtwilight.html]
[repo.biteyourapple.net/deb/notifierdots.html]
[repo.biteyourapple.net/deb/wp009.html]
[repo.biteyourapple.net/deb/rooster.html]
[repo.biteyourapple.net/deb/spotweather.html]
[repo.biteyourapple.net/deb/scrollablehaptic.html]
[repo.biteyourapple.net/deb/colorx.html]
[repo.biteyourapple.net/deb/bannersounds.html]
[repo.biteyourapple.net/deb/adblockforyoutube.html]
[repo.biteyourapple.net/deb/ccmusicartwork.html]
[repo.biteyourapple.net/deb/morepoweroptions.html]
[repo.biteyourapple.net/deb/sugarcane.html]
[repo.biteyourapple.net/deb/ezcydiaopener.html]
[repo.biteyourapple.net/deb/logoshophack.html]
[repo.biteyourapple.net/deb/switchus.html]
[repo.biteyourapple.net/deb/parallaxbegone.html]
[repo.biteyourapple.net/deb/spotcc.html]
[repo.biteyourapple.net/deb/pathpremium.html]
[repo.biteyourapple.net/deb/spotifyblack.html]
[repo.biteyourapple.net/deb/acehighsierra.html]
[repo.biteyourapple.net/deb/tcpdump.html]
[repo.biteyourapple.net/deb/filzajailed.html]
[repo.biteyourapple.net/screen_repo/appdrawer1.jpg]
[repo.biteyourapple.net/screen_repo/appdrawer2.jpg]
[repo.biteyourapple.net/deb/appdrawer.html]
[repo.biteyourapple.net/deb/nclink10.html]
[repo.biteyourapple.net/screen_repo/proxyswitcher1.jpg]
[repo.biteyourapple.net/screen_repo/proxyswitcher2.jpg]
[repo.biteyourapple.net/deb/proxyswitcher.html]
[repo.biteyourapple.net/author/Julio Verne.html]
[repo.biteyourapple.net/deb/conditionalwifi2.html]
[repo.biteyourapple.net/deb/colorflow3.html]
[repo.biteyourapple.net/ico_repo/com.ethan.wastatussave.png]
[repo.biteyourapple.net/ico_repo/com.golddavid.colorbanners2.png]
[repo.biteyourapple.net/screen_repo/waveflow1.jpg]
[repo.biteyourapple.net/screen_repo/waveflow2.jpg]
[repo.biteyourapple.net/deb/waveflow.html]
[repo.biteyourapple.net/screen_repo/preferenceorganizer21.png]
[repo.biteyourapple.net/screen_repo/preferenceorganizer22.png]
[repo.biteyourapple.net/deb/preferenceorganizer2.html]
[repo.biteyourapple.net/author/Carsten Heinelt.html]
[repo.biteyourapple.net/deb/parallax.html]
[repo.biteyourapple.net/ico_repo/com.aaronash.wraparound.png]
[repo.biteyourapple.net/author/Aaron Ash (Charybdis).html]
[repo.biteyourapple.net/screen_repo/flixenhancer1.jpg]
[repo.biteyourapple.net/screen_repo/flixenhancer2.jpg]
[repo.biteyourapple.net/deb/flixenhancer.html]
[repo.biteyourapple.net/screen_repo/stalky1.jpg]
[repo.biteyourapple.net/screen_repo/stalky2.jpg]
[repo.biteyourapple.net/deb/stalky.html]
[repo.biteyourapple.net/ico_repo/com.creatix.conditionalwifi.png]
[repo.biteyourapple.net/ico_repo/com.jontelang.snapper2.png]
[repo.biteyourapple.net/screen_repo/minotifier21.jpg]
[repo.biteyourapple.net/screen_repo/minotifier22.jpg]
[repo.biteyourapple.net/deb/minotifier2.html]
[repo.biteyourapple.net/screen_repo/textserchpro1.jpg]
[repo.biteyourapple.net/screen_repo/textserchpro2.jpg]
[repo.biteyourapple.net/screen_repo/textserchpro3.jpg]
[repo.biteyourapple.net/deb/textserchpro.html]
[repo.biteyourapple.net/author/Elixe.html]
[repo.biteyourapple.net/deb/deezelife.html]
[repo.biteyourapple.net/screen_repo/speaknotification1.jpg]
[repo.biteyourapple.net/screen_repo/speaknotification2.jpg]
[repo.biteyourapple.net/deb/speaknotification.html]
[repo.biteyourapple.net/author/iPhoneCake.html]
[repo.biteyourapple.net/screen_repo/hudcustomizer1.jpg]
[repo.biteyourapple.net/screen_repo/hudcustomizer2.jpg]
[repo.biteyourapple.net/deb/hudcustomizer.html]
[repo.biteyourapple.net/screen_repo/tetherme81.jpg]
[repo.biteyourapple.net/screen_repo/tetherme82.jpg]
[repo.biteyourapple.net/deb/tetherme8.html]
[repo.biteyourapple.net/author/iYojik.html]
[repo.biteyourapple.net/ico_repo/com.cpdigitaldarkroom.cleo.png]
[repo.biteyourapple.net/screen_repo/wakeinfo21.jpg]
[repo.biteyourapple.net/screen_repo/wakeinfo22.jpg]
[repo.biteyourapple.net/screen_repo/wakeinfo23.jpg]
[repo.biteyourapple.net/deb/wakeinfo2.html]
[repo.biteyourapple.net/screen_repo/sleeper1.jpg]
[repo.biteyourapple.net/screen_repo/sleeper2.jpg]
[repo.biteyourapple.net/deb/sleeper.html]
[repo.biteyourapple.net/author/vShare.html]
[repo.biteyourapple.net/ico_repo/org.thebigboss.stopalarmios8.png]
[repo.biteyourapple.net/deb/kairos2.html]
[repo.biteyourapple.net/screen_repo/iffound21.jpg]
[repo.biteyourapple.net/screen_repo/iffound22.jpg]
[repo.biteyourapple.net/deb/iffound2.html]
[repo.biteyourapple.net/ico_repo/com.filippobiga.livelyicons.png]
[repo.biteyourapple.net/ico_repo/com.filippobiga.appscenter.png]
[repo.biteyourapple.net/ico_repo/com.filippobiga.passwordpilotpro.png]
[repo.biteyourapple.net/ico_repo/com.filippobiga.unlockfx.png]
[repo.biteyourapple.net/ico_repo/com.filippobiga.smsplus.png]
[repo.biteyourapple.net/ico_repo/com.filippobiga.springtomize.png]
[repo.biteyourapple.net/author/FilippoBiga.html]
[repo.biteyourapple.net/screen_repo/colorbadges1.jpg]
[repo.biteyourapple.net/screen_repo/colorbadges2.jpg]
[repo.biteyourapple.net/deb/colorbadges.html]
[repo.biteyourapple.net/ico_repo/com.fuyuchi.assistantlove.png]
[repo.biteyourapple.net/ico_repo/com.fuyuchi.missionboardpro.png]
[repo.biteyourapple.net/ico_repo/com.fuyuchi.unrestrictpremium.png]
[repo.biteyourapple.net/ico_repo/com.fuyuchi.switchy.png]
[repo.biteyourapple.net/ico_repo/com.fuyuchi.unlockize.png]
[repo.biteyourapple.net/author/John Coates.html]
[repo.biteyourapple.net/screen_repo/callblocker1.png]
[repo.biteyourapple.net/screen_repo/callblocker2.png]
[repo.biteyourapple.net/deb/callblocker.html]
[repo.biteyourapple.net/ico_repo/de.j-gessner.patternunlock.png]
[repo.biteyourapple.net/ico_repo/org.thebigboss.weesearchpro.png]
[repo.biteyourapple.net/author/Jonas Gessner.html]
[repo.biteyourapple.net/screen_repo/classicplayer1.jpg]
[repo.biteyourapple.net/screen_repo/classicplayer2.jpg]
[repo.biteyourapple.net/deb/classicplayer.html]
[repo.biteyourapple.net/screen_repo/imageexplorer1.jpg]
[repo.biteyourapple.net/screen_repo/imageexplorer2.jpg]
[repo.biteyourapple.net/deb/imageexplorer.html]
[repo.biteyourapple.net/screen_repo/musicexplorer1.jpg]
[repo.biteyourapple.net/screen_repo/musicexplorer2.jpg]
[repo.biteyourapple.net/deb/musicexplorer.html]
[repo.biteyourapple.net/screen_repo/tagexplorer1.jpg]
[repo.biteyourapple.net/screen_repo/tagexplorer2.jpg]
[repo.biteyourapple.net/deb/tagexplorer.html]
[repo.biteyourapple.net/screen_repo/audioexplorer1.jpg]
[repo.biteyourapple.net/screen_repo/audioexplorer2.jpg]
[repo.biteyourapple.net/deb/audioexplorer.html]
[repo.biteyourapple.net/author/youyuanapp.html]
[repo.biteyourapple.net/screen_repo/badgomizer1.jpg]
[repo.biteyourapple.net/screen_repo/badgomizer2.jpg]
[repo.biteyourapple.net/deb/badgomizer.html]
[repo.biteyourapple.net/screen_repo/cloaky1.jpg]
[repo.biteyourapple.net/screen_repo/cloaky2.jpg]
[repo.biteyourapple.net/deb/cloaky.html]
[repo.biteyourapple.net/screen_repo/horseshoe1.jpg]
[repo.biteyourapple.net/screen_repo/horseshoe2.jpg]
[repo.biteyourapple.net/deb/horseshoe.html]
[repo.biteyourapple.net/screen_repo/datameter1.jpg]
[repo.biteyourapple.net/screen_repo/datameter2.jpg]
[repo.biteyourapple.net/deb/datameter.html]
[repo.biteyourapple.net/deb/themepack.html]
[repo.biteyourapple.net/screen_repo/handykey1.gif]
[repo.biteyourapple.net/screen_repo/handykey2.jpg]
[repo.biteyourapple.net/deb/handykey.html]
[repo.biteyourapple.net/screen_repo/volumemixer21.jpg]
[repo.biteyourapple.net/screen_repo/volumemixer22.jpg]
[repo.biteyourapple.net/screen_repo/volumemixer23.jpg]
[repo.biteyourapple.net/screen_repo/volumemixer24.jpg]
[repo.biteyourapple.net/deb/volumemixer2.html]
[repo.biteyourapple.net/screen_repo/lock4glte1.jpg]
[repo.biteyourapple.net/deb/lock4glte.html]
[repo.biteyourapple.net/screen_repo/3x4layouticonoclasm1.jpg]
[repo.biteyourapple.net/screen_repo/3x4layouticonoclasm2.jpg]
[repo.biteyourapple.net/deb/3x4layouticonoclasm.html]
[repo.biteyourapple.net/screen_repo/screenshotapp1.jpg]
[repo.biteyourapple.net/screen_repo/screenshotapp2.jpg]
[repo.biteyourapple.net/deb/screenshotapp.html]
[repo.biteyourapple.net/screen_repo/quartzmessages1.jpg]
[repo.biteyourapple.net/screen_repo/quartzmessages2.jpg]
[repo.biteyourapple.net/deb/quartzmessages.html]
[repo.biteyourapple.net/screen_repo/orangeassistant1.jpg]
[repo.biteyourapple.net/screen_repo/orangeassistant2.jpg]
[repo.biteyourapple.net/deb/orangeassistant.html]
[repo.biteyourapple.net/screen_repo/wavelox1.jpg]
[repo.biteyourapple.net/screen_repo/wavelox2.jpg]
[repo.biteyourapple.net/deb/wavelox.html]
[repo.biteyourapple.net/screen_repo/ifilevelox1.jpg]
[repo.biteyourapple.net/screen_repo/ifilevelox2.jpg]
[repo.biteyourapple.net/deb/ifilevelox.html]
[repo.biteyourapple.net/screen_repo/twbvelox1.jpg]
[repo.biteyourapple.net/screen_repo/twbvelox2.jpg]
[repo.biteyourapple.net/deb/twbvelox.html]
[repo.biteyourapple.net/screen_repo/actionslider1.jpg]
[repo.biteyourapple.net/screen_repo/actionslider2.jpg]
[repo.biteyourapple.net/deb/actionslider.html]
[repo.biteyourapple.net/deb/only3g.html]
[repo.biteyourapple.net/screen_repo/multiclips81.jpg]
[repo.biteyourapple.net/deb/multiclips8.html]
[repo.biteyourapple.net/screen_repo/lockclockantique1.jpg]
[repo.biteyourapple.net/screen_repo/lockclockantique2.jpg]
[repo.biteyourapple.net/deb/lockclockantique.html]
[repo.biteyourapple.net/screen_repo/particlewallpapers1.jpg]
[repo.biteyourapple.net/screen_repo/particlewallpapers2.jpg]
[repo.biteyourapple.net/deb/particlewallpapers.html]
[repo.biteyourapple.net/screen_repo/spotifycontrols1.jpg]
[repo.biteyourapple.net/deb/spotifycontrols.html]
[repo.biteyourapple.net/deb/chinesecalendarpro.html]
[repo.biteyourapple.net/screen_repo/batteryinfoweeapp1.png]
[repo.biteyourapple.net/screen_repo/batteryinfoweeapp2.png]
[repo.biteyourapple.net/deb/batteryinfoweeapp.html]
[repo.biteyourapple.net/ico_repo/org.thebigboss.calendarfornc.png]
[repo.biteyourapple.net/ico_repo/org.thebigboss.ncweather.png]
[repo.biteyourapple.net/ico_repo/jp.r-plus.activityaction.png]
[repo.biteyourapple.net/ico_repo/org.thebigboss.quickshare2.png]
[repo.biteyourapple.net/ico_repo/org.thebigboss.predix.png]
[repo.biteyourapple.net/ico_repo/org.thebigboss.bliss4.png]
[repo.biteyourapple.net/ico_repo/ro.randusoft.cloudflex.png]
[repo.biteyourapple.net/ico_repo/org.thebigboss.flipclock7.png]
[repo.biteyourapple.net/ico_repo/org.thebigboss.calendarproweeapp.png]
[repo.biteyourapple.net/ico_repo/com.gck.switch.dimmer.png]
[repo.biteyourapple.net/ico_repo/org.thebigboss.idevicewise.png]
[repo.biteyourapple.net/ico_repo/info.adolfoi.ncmemo.png]
[repo.biteyourapple.net/ico_repo/kr.slak.cctoggles.qlpanel.appswitcher.png]
[repo.biteyourapple.net/ico_repo/org.thebigboss.bliss3.png]
[repo.biteyourapple.net/ico_repo/tw.hiraku.seasonwallpaper.png]
[repo.biteyourapple.net/ico_repo/com.ravirajm.addialcctoggle.png]
[repo.biteyourapple.net/ico_repo/com.dba-tech.ncagenda.png]
[repo.biteyourapple.net/ico_repo/com.ravirajm.addialforios7.png]
[repo.biteyourapple.net/category/Addons4658.html]
[repo.biteyourapple.net/ico_repo/org.thebigboss.quipose.png]
[repo.biteyourapple.net/ico_repo/org.thebigboss.definecctoggle.png]
[repo.biteyourapple.net/ico_repo/com.mbatey.2x5layoutsiconoclasm.png]
[repo.biteyourapple.net/ico_repo/in.timper.authyprowidget.png]
[repo.biteyourapple.net/ico_repo/in.timper.thesauruspw.png]
[repo.biteyourapple.net/ico_repo/in.timper.1passprowidget.png]
[repo.biteyourapple.net/ico_repo/com.sharedroutine.srshortener.png]
[repo.biteyourapple.net/ico_repo/com.insanj.clearforprowidgets.png]
[repo.biteyourapple.net/ico_repo/in.timper.idbprowidget.png]
[repo.biteyourapple.net/ico_repo/in.timper.fantasticalpw.png]
[repo.biteyourapple.net/ico_repo/in.timper.calculatorprowidget.png]
[repo.biteyourapple.net/ico_repo/in.timper.sportsprowidget.png]
[repo.biteyourapple.net/ico_repo/org.thebigboss.pluck2cctoggle.png]
[repo.biteyourapple.net/ico_repo/com.coner.laius.png]
[repo.biteyourapple.net/ico_repo/com.hexashares.evernote.png]
[repo.biteyourapple.net/ico_repo/org.thebigboss.lockit.png]
[repo.biteyourapple.net/ico_repo/org.thebigboss.fantasialivewallpaper.png]
[repo.biteyourapple.net/ico_repo/in.timper.wikipediaprowidget.png]
[repo.biteyourapple.net/ico_repo/org.thebigboss.noteification.png]
[repo.biteyourapple.net/ico_repo/in.timper.translateprowidget.png]
[repo.biteyourapple.net/category/Addons9ba9.html]
[repo.biteyourapple.net/ico_repo/org.thebigboss.ncmusiccontrole.png]
[repo.biteyourapple.net/ico_repo/org.thebigboss.fleeting.png]
[repo.biteyourapple.net/ico_repo/com.ninjaprawn.easyspring.prowidgets.png]
[repo.biteyourapple.net/ico_repo/org.thebigboss.ccmeters.png]
[repo.biteyourapple.net/ico_repo/org.thebigboss.multiclips.png]
[repo.biteyourapple.net/ico_repo/org.thebigboss.composeforios7.png]
[repo.biteyourapple.net/ico_repo/ro.randusoft.imusicsharecc.png]
[repo.biteyourapple.net/ico_repo/org.thebigboss.spotisearch.png]
[repo.biteyourapple.net/ico_repo/de.halfco.weetrackdata7.png]
[repo.biteyourapple.net/ico_repo/org.thebigboss.anyspot.png]
[repo.biteyourapple.net/ico_repo/kr.iolate.beeaddon.sendmessages.png]
[repo.biteyourapple.net/ico_repo/kr.iolate.beeappcontrol.png]
[repo.biteyourapple.net/ico_repo/kr.iolate.beeaddon.basic.png]
[repo.biteyourapple.net/ico_repo/com.litteral.calculatorforvelox.png]
[repo.biteyourapple.net/ico_repo/org.thebigboss.ios7blackcolorkeyboard.png]
[repo.biteyourapple.net/ico_repo/org.thebigboss.ios7whitecolorkeyboard.png]
[repo.biteyourapple.net/category/Addonsfdb0.html]
[repo.biteyourapple.net/ico_repo/org.thebigboss.ios7coolbluecolorkeyboard.png]
[repo.biteyourapple.net/ico_repo/org.thebigboss.calendarx.png]
[repo.biteyourapple.net/ico_repo/cc.tweak.taptowidgetscore.png]
[repo.biteyourapple.net/ico_repo/de.richtownapps.weetrackdata.png]
[repo.biteyourapple.net/ico_repo/com.freeyourapple.ncterminal.png]
[repo.biteyourapple.net/ico_repo/com.maxkatzmann.veloxstopwatch.png]
[repo.biteyourapple.net/ico_repo/com.squaretech.autopano.png]
[repo.biteyourapple.net/ico_repo/com.arichardson.jukebox.png]
[repo.biteyourapple.net/ico_repo/org.thebigboss.iconopackism.png]
[repo.biteyourapple.net/ico_repo/com.insanj.safarivelox.png]
[repo.biteyourapple.net/ico_repo/com.arabphone.yscompass.png]
[repo.biteyourapple.net/ico_repo/com.ihphone.veloxtube.png]
[repo.biteyourapple.net/ico_repo/org.thebigboss.ios7controltoggleicons.png]
[repo.biteyourapple.net/ico_repo/com.yatryan.fourvelox.png]
[repo.biteyourapple.net/ico_repo/cc.tweak.overview.png]
[repo.biteyourapple.net/ico_repo/com.insanj.alienbluevelox.png]
[repo.biteyourapple.net/ico_repo/ro.randusoft.imusicsharenc.png]
[repo.biteyourapple.net/category/Addonsaf4d.html]
[repo.biteyourapple.net/ico_repo/com.vsnrain.ncgoogleweather.png]
[repo.biteyourapple.net/ico_repo/com.nnfyrbsnss.applockertoggle.png]
[repo.biteyourapple.net/ico_repo/com.iwazowski.awwlan6x.png]
[repo.biteyourapple.net/ico_repo/org.thebigboss.batterylevelae.png]
[repo.biteyourapple.net/ico_repo/com.glc.btmono.png]
[repo.biteyourapple.net/ico_repo/com.orikad.clockwidgetfordashboard.png]
[repo.biteyourapple.net/ico_repo/org.thebigboss.currencyconverter.png]
[repo.biteyourapple.net/ico_repo/cydialer.png]
[repo.biteyourapple.net/ico_repo/me.melkhior.dashtweet.png]
[repo.biteyourapple.net/ico_repo/mobi.pd.envyhdgreen.png]
[repo.biteyourapple.net/ico_repo/mobi.pd.envyhdred.png]
[repo.biteyourapple.net/ico_repo/de.2peaches.favoritecontacts.png]
[repo.biteyourapple.net/ico_repo/com.robertorfischer.frontcontactsthemes.png]
[repo.biteyourapple.net/ico_repo/com.gproject.gnetmirror.png]
[repo.biteyourapple.net/ico_repo/sbshapticpro-toggle.png]
[repo.biteyourapple.net/ico_repo/mobi.pd.imaginelsweatherios42.png]
[repo.biteyourapple.net/ico_repo/mobi.pd.imagineweather.png]
[repo.biteyourapple.net/ico_repo/mobi.pd.initsuazhdpack.png]
[repo.biteyourapple.net/ico_repo/org.thebigboss.internationallocationsae.png]
[repo.biteyourapple.net/category/Addonsc575.html]
[repo.biteyourapple.net/ico_repo/com.roverturbo.lockdock.png]
[repo.biteyourapple.net/ico_repo/com.ashman.lockinfocydget.png]
[repo.biteyourapple.net/ico_repo/com.vividboarder.lockinfotwodo.png]
[repo.biteyourapple.net/ico_repo/com.ashman.lockinfoweathericon.png]
[repo.biteyourapple.net/ico_repo/com.wrightscs.musiccenter.png]
[repo.biteyourapple.net/ico_repo/org.thebigboss.muslimprayerlockinfo.png]
[repo.biteyourapple.net/ico_repo/org.thebigboss.ncinfo.png]
[repo.biteyourapple.net/ico_repo/org.thebigboss.noteslockinfo.png]
[repo.biteyourapple.net/ico_repo/com.samball.notificationgrip.png]
[repo.biteyourapple.net/ico_repo/com.trinitus.notifiedaddon.png]
[repo.biteyourapple.net/ico_repo/com.nobitazzz.olympic2012medal.png]
[repo.biteyourapple.net/ico_repo/com.wrightscs.powercenterpro.png]
[repo.biteyourapple.net/ico_repo/net.theblacknotebookinc.prayertimeae-pro.png]
[repo.biteyourapple.net/ico_repo/com.antoine.freeboxnc.png]
[repo.biteyourapple.net/ico_repo/net.9eye.colorkeyboardbgpack.png]
[repo.biteyourapple.net/ico_repo/net.limneos.calleridtogglesbs.png]
[repo.biteyourapple.net/ico_repo/org.thebigboss.godeskmoonlightpond.png]
[repo.biteyourapple.net/ico_repo/net.limneos.personalhotspottoggle.png]
[repo.biteyourapple.net/ico_repo/com.gameandgadgets.abluedesirecydget.png]
[repo.biteyourapple.net/ico_repo/com.iphone266.a266collectionlayoutsiconoclasm.png]
[repo.biteyourapple.net/category/Addons235c.html]
[repo.biteyourapple.net/ico_repo/org.thebigboss.androidbootbootlogo.png]
[repo.biteyourapple.net/ico_repo/com.iwazowski.awdlink6x.png]
[repo.biteyourapple.net/ico_repo/com.iwazowski.aweircom.png]
[repo.biteyourapple.net/ico_repo/com.iwazowski.awfastweb.png]
[repo.biteyourapple.net/ico_repo/com.iwazowski.awinfinitum4x.png]
[repo.biteyourapple.net/ico_repo/com.gameandgadgets.awsomecitytowers.png]
[repo.biteyourapple.net/ico_repo/org.thebigboss.assistantenhancer.png]
[repo.biteyourapple.net/ico_repo/org.porkholt.livepapers.nexus.png]
[repo.biteyourapple.net/ico_repo/org.porkholt.livepapers.bubblespro.png]
[repo.biteyourapple.net/ico_repo/org.thebigboss.bliss.png]
[repo.biteyourapple.net/ico_repo/com.myicommunity.imatteck.lightwood.png]
[repo.biteyourapple.net/ico_repo/org.thebigboss.photospluginforiprivacy.png]
[repo.biteyourapple.net/ico_repo/org.thebigboss.applicationpluginforiprivacy.png]
[repo.biteyourapple.net/ico_repo/org.thebigboss.messagespluginforiprivacy.png]
[repo.biteyourapple.net/ico_repo/org.thebigboss.flipclockwidget.png]
[repo.biteyourapple.net/ico_repo/org.porkholt.livepapers.earth.png]
[repo.biteyourapple.net/ico_repo/com.skram.nikenotificationplus.png]
[repo.biteyourapple.net/ico_repo/com.imokhles.iwebsearchpro.png]
[repo.biteyourapple.net/category/Addonsfdfa.html]
[repo.biteyourapple.net/ico_repo/com.ravirajm.addialforvelox.png]
[repo.biteyourapple.net/ico_repo/com.ravirajm.torchforvelox.png]
[repo.biteyourapple.net/ico_repo/net.howett.safaridownloadersbs.png]
[repo.biteyourapple.net/ico_repo/cc.tweak.taptonote.png]
[repo.biteyourapple.net/ico_repo/cc.tweak.taptoremind.png]
[repo.biteyourapple.net/ico_repo/cc.tweak.taptowidgets.png]
[repo.biteyourapple.net/ico_repo/com.swirlyspace.weekincalendar2.png]
[repo.biteyourapple.net/ico_repo/org.thebigboss.weebarcodedisplay.png]
[repo.biteyourapple.net/ico_repo/org.thebigboss.sbsbacklightdimmertoggle.png]
[repo.biteyourapple.net/ico_repo/org.thebigboss.weekillbackgroundpro.png]
[repo.biteyourapple.net/ico_repo/org.thebigboss.weeworldclock.png]
[repo.biteyourapple.net/category/Addons0b08.html]
[repo.biteyourapple.net/category/Addons1448.html]
[repo.biteyourapple.net/ico_repo/com.fopina.sbtethering.png]
[repo.biteyourapple.net/category/Addons1c8b.html]
[repo.biteyourapple.net/screen_repo/themebackup1.jpg]
[repo.biteyourapple.net/screen_repo/themebackup2.jpg]
[repo.biteyourapple.net/deb/themebackup.html]
[repo.biteyourapple.net/screen_repo/premiumplay1.jpg]
[repo.biteyourapple.net/screen_repo/premiumplay2.jpg]
[repo.biteyourapple.net/deb/premiumplay.html]
[repo.biteyourapple.net/screen_repo/premiumonline1.png]
[repo.biteyourapple.net/screen_repo/premiumonline2.png]
[repo.biteyourapple.net/deb/premiumonline.html]
[repo.biteyourapple.net/screen_repo/infinityjb1.jpg]
[repo.biteyourapple.net/screen_repo/infinityjb2.jpg]
[repo.biteyourapple.net/deb/infinityjb.html]
[repo.biteyourapple.net/screen_repo/posteid1.jpg]
[repo.biteyourapple.net/deb/posteid.html]
[repo.biteyourapple.net/deb/abaenglish.html]
[repo.biteyourapple.net/deb/runtasticresults.html]
[repo.biteyourapple.net/screen_repo/babbelhack1.png]
[repo.biteyourapple.net/screen_repo/babbelhack2.png]
[repo.biteyourapple.net/screen_repo/babbelhack3.png]
[repo.biteyourapple.net/screen_repo/babbelhack4.png]
[repo.biteyourapple.net/deb/babbelhack.html]
[repo.biteyourapple.net/screen_repo/napst0d1.jpg]
[repo.biteyourapple.net/screen_repo/napst0d2.jpg]
[repo.biteyourapple.net/screen_repo/napst0d3.jpg]
[repo.biteyourapple.net/deb/napst0d.html]
[repo.biteyourapple.net/screen_repo/ifarmaci1.png]
[repo.biteyourapple.net/screen_repo/ifarmaci2.png]
[repo.biteyourapple.net/screen_repo/ifarmaci3.png]
[repo.biteyourapple.net/screen_repo/ifarmaci4.png]
[repo.biteyourapple.net/deb/ifarmaci.html]
[repo.biteyourapple.net/screen_repo/instaliker1.png]
[repo.biteyourapple.net/screen_repo/instaliker2.png]
[repo.biteyourapple.net/deb/instaliker.html]
[repo.biteyourapple.net/deb/qqmusicpatch.html]
[repo.biteyourapple.net/screen_repo/qqpatchipad1.jpg]
[repo.biteyourapple.net/deb/qqpatchipad.html]
[repo.biteyourapple.net/screen_repo/freeletics1.jpg]
[repo.biteyourapple.net/screen_repo/freeletics2.jpg]
[repo.biteyourapple.net/deb/freeletics.html]
[repo.biteyourapple.net/screen_repo/emoji831.jpg]
[repo.biteyourapple.net/screen_repo/emoji832.jpg]
[repo.biteyourapple.net/screen_repo/emoji833.jpg]
[repo.biteyourapple.net/deb/emoji83.html]
[repo.biteyourapple.net/screen_repo/carrierplus1.png]
[repo.biteyourapple.net/screen_repo/carrierplus2.jpg]
[repo.biteyourapple.net/screen_repo/carrierplus3.jpg]
[repo.biteyourapple.net/deb/carrierplus.html]
[repo.biteyourapple.net/screen_repo/sleepbetterhack1.jpg]
[repo.biteyourapple.net/deb/sleepbetterhack.html]
[repo.biteyourapple.net/screen_repo/evernote1.jpg]
[repo.biteyourapple.net/screen_repo/evernote2.jpg]
[repo.biteyourapple.net/deb/evernote.html]
[repo.biteyourapple.net/screen_repo/todoist1.jpg]
[repo.biteyourapple.net/screen_repo/todoist2.jpg]
[repo.biteyourapple.net/deb/todoist.html]
[repo.biteyourapple.net/screen_repo/wunderlist1.png]
[repo.biteyourapple.net/screen_repo/wunderlist2.png]
[repo.biteyourapple.net/deb/wunderlist.html]
[repo.biteyourapple.net/screen_repo/memoradohack1.jpg]
[repo.biteyourapple.net/screen_repo/memoradohack2.jpg]
[repo.biteyourapple.net/deb/memoradohack.html]
[repo.biteyourapple.net/ico_repo/totalcad.png]
[repo.biteyourapple.net/ico_repo/skygojbipad.png]
[repo.biteyourapple.net/ico_repo/skygojbiphone.png]
[repo.biteyourapple.net/ico_repo/whatsTandem.png]
[repo.biteyourapple.net/ico_repo/byacloud.png]
[repo.biteyourapple.net/ico_repo/byacloudipad.png]
[repo.biteyourapple.net/category/BYA Tweaks4658.html]
[repo.biteyourapple.net/deb/gazelle.html]
[repo.biteyourapple.net/deb/uasharedtools.html]
[repo.biteyourapple.net/deb/watusitools.html]
[repo.biteyourapple.net/deb/imodevtools.html]
[repo.biteyourapple.net/screen_repo/aeternumhivesios101.jpg]
[repo.biteyourapple.net/screen_repo/aeternumhivesios102.jpg]
[repo.biteyourapple.net/screen_repo/aeternumhivesios103.jpg]
[repo.biteyourapple.net/screen_repo/aeternumhivesios104.jpg]
[repo.biteyourapple.net/screen_repo/aeternumhivesios105.jpg]
[repo.biteyourapple.net/screen_repo/aeternumhivesios106.jpg]
[repo.biteyourapple.net/deb/aeternumhivesios10.html]
[repo.biteyourapple.net/screen_repo/peakhack1.png]
[repo.biteyourapple.net/deb/peakhack.html]
[repo.biteyourapple.net/screen_repo/minionRushHack1.png]
[repo.biteyourapple.net/deb/minionRushHack.html]
[repo.biteyourapple.net/screen_repo/perfectkickhack1.jpg]
[repo.biteyourapple.net/screen_repo/perfectkickhack2.jpg]
[repo.biteyourapple.net/deb/perfectkickhack.html]
[repo.biteyourapple.net/screen_repo/tstohack1.png]
[repo.biteyourapple.net/deb/tstohack.html]
[repo.biteyourapple.net/screen_repo/pvz2hack1.jpg]
[repo.biteyourapple.net/screen_repo/pvz2hack2.jpg]
[repo.biteyourapple.net/deb/pvz2hack.html]
[repo.biteyourapple.net/deb/ninjasagacheats.html]
[repo.biteyourapple.net/screen_repo/soccerstarscheats1.jpg]
[repo.biteyourapple.net/screen_repo/soccerstarscheats2.jpg]
[repo.biteyourapple.net/deb/soccerstarscheats.html]
[repo.biteyourapple.net/screen_repo/plagueinccheats1.jpg]
[repo.biteyourapple.net/deb/plagueinccheats.html]
[repo.biteyourapple.net/screen_repo/asphalt8Hack1.jpg]
[repo.biteyourapple.net/deb/asphalt8Hack.html]
[repo.biteyourapple.net/deb/hsecheats.html]
[repo.biteyourapple.net/screen_repo/hsecheats1.jpg]
[repo.biteyourapple.net/deb/clumsyninjahack.html]
[repo.biteyourapple.net/screen_repo/thesimsfphack1.jpg]
[repo.biteyourapple.net/deb/thesimsfphack.html]
[repo.biteyourapple.net/deb/avatarfighthack.html]
[repo.biteyourapple.net/screen_repo/avatarfighthack1.jpg]
[repo.biteyourapple.net/deb/smashhithack.html]
[repo.biteyourapple.net/deb/deadtrigger2hack.html]
[repo.biteyourapple.net/screen_repo/deadtrigger2hack1.png]
[repo.biteyourapple.net/deb/acrbypass.html]
[repo.biteyourapple.net/screen_repo/headsoccerhack1.jpg]
[repo.biteyourapple.net/deb/headsoccerhack.html]
[repo.biteyourapple.net/screen_repo/candycrushhack1.jpg]
[repo.biteyourapple.net/deb/candycrushhack.html]
[repo.biteyourapple.net/screen_repo/quizuphack1.jpg]
[repo.biteyourapple.net/deb/quizuphack.html]
[repo.biteyourapple.net/category/Game Hack4658.html]
[repo.biteyourapple.net/category/Game Hack9ba9.html]
[repo.biteyourapple.net/category/Game Hackfdb0.html]
[repo.biteyourapple.net/category/Game Hackaf4d.html]
[repo.biteyourapple.net/category/Game Hackc575.html]
[repo.biteyourapple.net/category/Game Hack235c.html]
[repo.biteyourapple.net/category/Game Hackfdfa.html]
[repo.biteyourapple.net/category/Game Hack0b08.html]
[repo.biteyourapple.net/category/Game Hack1448.html]
[repo.biteyourapple.net/deb/gifnavidad.html]
[repo.biteyourapple.net/deb/a2600emu.html]
[repo.biteyourapple.net/deb/gbaemu.html]
[repo.biteyourapple.net/screen_repo/gbaemu1.png]
[repo.biteyourapple.net/screen_repo/gbcemu1.png]
[repo.biteyourapple.net/screen_repo/gbcemu2.png]
[repo.biteyourapple.net/deb/gbcemu.html]
[repo.biteyourapple.net/screen_repo/mdemu1.png]
[repo.biteyourapple.net/screen_repo/mdemu2.png]
[repo.biteyourapple.net/deb/mdemu.html]
[repo.biteyourapple.net/screen_repo/msxemu1.png]
[repo.biteyourapple.net/screen_repo/msxemu2.png]
[repo.biteyourapple.net/deb/msxemu.html]
[repo.biteyourapple.net/screen_repo/neoemu1.png]
[repo.biteyourapple.net/screen_repo/neoemu2.png]
[repo.biteyourapple.net/deb/neoemu.html]
[repo.biteyourapple.net/screen_repo/nesemu1.png]
[repo.biteyourapple.net/screen_repo/nesemu2.png]
[repo.biteyourapple.net/deb/nesemu.html]
[repo.biteyourapple.net/screen_repo/ngpemu1.png]
[repo.biteyourapple.net/screen_repo/ngpemu2.png]
[repo.biteyourapple.net/deb/ngpemu.html]
[repo.biteyourapple.net/screen_repo/pceemu1.png]
[repo.biteyourapple.net/screen_repo/pceemu2.png]
[repo.biteyourapple.net/deb/pceemu.html]
[repo.biteyourapple.net/screen_repo/c64emu1.jpg]
[repo.biteyourapple.net/screen_repo/c64emu2.jpg]
[repo.biteyourapple.net/deb/c64emu.html]
[repo.biteyourapple.net/screen_repo/gpsphone1.jpg]
[repo.biteyourapple.net/deb/gpsphone.html]
[repo.biteyourapple.net/screen_repo/snes9xex1.png]
[repo.biteyourapple.net/screen_repo/snes9xex2.png]
[repo.biteyourapple.net/deb/snes9xex.html]
[repo.biteyourapple.net/deb/snes9xexplus.html]
[repo.biteyourapple.net/screen_repo/retrorearmed1.jpg]
[repo.biteyourapple.net/deb/retrorearmed.html]
[repo.biteyourapple.net/screen_repo/gameboyadxplus1.png]
[repo.biteyourapple.net/screen_repo/gameboyadxplus2.png]
[repo.biteyourapple.net/deb/gameboyadxplus.html]
[repo.biteyourapple.net/deb/genesisadxplus.html]
[repo.biteyourapple.net/screen_repo/imemory1.jpg]
[repo.biteyourapple.net/screen_repo/imemory2.jpg]
[repo.biteyourapple.net/deb/imemory.html]
[repo.biteyourapple.net/screen_repo/isnes1.png]
[repo.biteyourapple.net/deb/isnes.html]
[repo.biteyourapple.net/screen_repo/n64ios1.png]
[repo.biteyourapple.net/screen_repo/n64ios2.png]
[repo.biteyourapple.net/deb/n64ios.html]
[repo.biteyourapple.net/ico_repo/com.nervegas.nes3.png]
[repo.biteyourapple.net/category/Games4658.html]
[repo.biteyourapple.net/screen_repo/5rowcustomizablekeyboard1.png]
[repo.biteyourapple.net/screen_repo/5rowcustomizablekeyboard2.png]
[repo.biteyourapple.net/deb/5rowcustomizablekeyboard.html]
[repo.biteyourapple.net/screen_repo/5rowcustomizablekeyboardipad1.png]
[repo.biteyourapple.net/screen_repo/5rowcustomizablekeyboardipad2.png]
[repo.biteyourapple.net/deb/5rowcustomizablekeyboardipad.html]
[repo.biteyourapple.net/screen_repo/ikeywihd1.png]
[repo.biteyourapple.net/screen_repo/ikeywihd2.png]
[repo.biteyourapple.net/deb/ikeywihd.html]
[repo.biteyourapple.net/screen_repo/yookeyproios71.jpg]
[repo.biteyourapple.net/screen_repo/yookeyproios72.jpg]
[repo.biteyourapple.net/deb/yookeyproios7.html]
[repo.biteyourapple.net/screen_repo/predictivekeyboard1.jpg]
[repo.biteyourapple.net/screen_repo/predictivekeyboard2.jpg]
[repo.biteyourapple.net/deb/predictivekeyboard.html]
[repo.biteyourapple.net/screen_repo/5rowarmeniankeyboard1.png]
[repo.biteyourapple.net/screen_repo/5rowarmeniankeyboard2.png]
[repo.biteyourapple.net/deb/5rowarmeniankeyboard.html]
[repo.biteyourapple.net/screen_repo/5rowdeutschkeyboard1.png]
[repo.biteyourapple.net/screen_repo/5rowdeutschkeyboard2.png]
[repo.biteyourapple.net/deb/5rowdeutschkeyboard.html]
[repo.biteyourapple.net/deb/5rowkeyboardios4.html]
[repo.biteyourapple.net/deb/5rowkeyboardipad.html]
[repo.biteyourapple.net/screen_repo/amarghaermiyaskeyboard1.png]
[repo.biteyourapple.net/screen_repo/amarghaermiyaskeyboard2.png]
[repo.biteyourapple.net/deb/amarghaermiyaskeyboard.html]
[repo.biteyourapple.net/screen_repo/iditdahtext1.png]
[repo.biteyourapple.net/screen_repo/iditdahtext2.png]
[repo.biteyourapple.net/deb/iditdahtext.html]
[repo.biteyourapple.net/deb/idvorak.html]
[repo.biteyourapple.net/screen_repo/iqwertz1.png]
[repo.biteyourapple.net/screen_repo/iqwertz2.png]
[repo.biteyourapple.net/deb/iqwertz.html]
[repo.biteyourapple.net/screen_repo/5rowkoreankeyboard1.png]
[repo.biteyourapple.net/screen_repo/5rowkoreankeyboard2.png]
[repo.biteyourapple.net/deb/5rowkoreankeyboard.html]
[repo.biteyourapple.net/deb/keylord.html]
[repo.biteyourapple.net/screen_repo/quickphoto1.png]
[repo.biteyourapple.net/deb/quickphoto.html]
[repo.biteyourapple.net/deb/turkishkeyboard.html]
[repo.biteyourapple.net/screen_repo/yookeypro1.png]
[repo.biteyourapple.net/screen_repo/yookeypro2.png]
[repo.biteyourapple.net/deb/yookeypro.html]
[repo.biteyourapple.net/screen_repo/aerial1.jpg]
[repo.biteyourapple.net/screen_repo/aerial2.jpg]
[repo.biteyourapple.net/deb/aerial.html]
[repo.biteyourapple.net/deb/auki2.html]
[repo.biteyourapple.net/screen_repo/popcorntime1.jpg]
[repo.biteyourapple.net/screen_repo/popcorntime2.jpg]
[repo.biteyourapple.net/deb/popcorntime.html]
[repo.biteyourapple.net/screen_repo/protube1.jpg]
[repo.biteyourapple.net/screen_repo/protube2.jpg]
[repo.biteyourapple.net/deb/protube.html]
[repo.biteyourapple.net/screen_repo/protubehd1.jpg]
[repo.biteyourapple.net/screen_repo/protubehd2.jpg]
[repo.biteyourapple.net/deb/protubehd.html]
[repo.biteyourapple.net/screen_repo/musicbox1.jpg]
[repo.biteyourapple.net/screen_repo/musicbox2.jpg]
[repo.biteyourapple.net/deb/musicbox.html]
[repo.biteyourapple.net/screen_repo/mcpro1.jpg]
[repo.biteyourapple.net/screen_repo/mcpro2.jpg]
[repo.biteyourapple.net/deb/mcpro.html]
[repo.biteyourapple.net/screen_repo/coverartexplorer1.jpg]
[repo.biteyourapple.net/screen_repo/coverartexplorer2.jpg]
[repo.biteyourapple.net/deb/coverartexplorer.html]
[repo.biteyourapple.net/screen_repo/videoexplorer1.jpg]
[repo.biteyourapple.net/screen_repo/videoexplorer2.jpg]
[repo.biteyourapple.net/deb/videoexplorer.html]
[repo.biteyourapple.net/screen_repo/unlimtones1.jpg]
[repo.biteyourapple.net/screen_repo/unlimtones2.jpg]
[repo.biteyourapple.net/deb/unlimtones.html]
[repo.biteyourapple.net/screen_repo/vwallpaper2forios71.jpg]
[repo.biteyourapple.net/screen_repo/vwallpaper2forios72.jpg]
[repo.biteyourapple.net/deb/vwallpaper2forios7.html]
[repo.biteyourapple.net/deb/airhomevideo.html]
[repo.biteyourapple.net/screen_repo/airhomevideo1.jpg]
[repo.biteyourapple.net/deb/trackimport.html]
[repo.biteyourapple.net/screen_repo/trackimport1.jpg]
[repo.biteyourapple.net/screen_repo/lyricflow1.jpg]
[repo.biteyourapple.net/screen_repo/lyricflow2.jpg]
[repo.biteyourapple.net/deb/lyricflow.html]
[repo.biteyourapple.net/screen_repo/mymobiletubepro1.png]
[repo.biteyourapple.net/deb/mymobiletubepro.html]
[repo.biteyourapple.net/category/Multimedia4658.html]
[repo.biteyourapple.net/ico_repo/com.a1customs.bluestream.png]
[repo.biteyourapple.net/category/Multimedia9ba9.html]
[repo.biteyourapple.net/ico_repo/org.thebigboss.rushplayerplus.png]
[repo.biteyourapple.net/deb/btstackgps.html]
[repo.biteyourapple.net/screen_repo/btstackgps1.jpg]
[repo.biteyourapple.net/screen_repo/speedtrapsforgmaps1.jpg]
[repo.biteyourapple.net/screen_repo/speedtrapsforgmaps2.jpg]
[repo.biteyourapple.net/deb/speedtrapsforgmaps.html]
[repo.biteyourapple.net/deb/sharegps.html]
[repo.biteyourapple.net/deb/gmapsplus.html]
[repo.biteyourapple.net/screen_repo/gmapsplus1.jpg]
[repo.biteyourapple.net/deb/blued-gps.html]
[repo.biteyourapple.net/deb/pirni.html]
[repo.biteyourapple.net/deb/iweppro5.html]
[repo.biteyourapple.net/screen_repo/sharegps1.png]
[repo.biteyourapple.net/deb/wifiexplorer.html]
[repo.biteyourapple.net/deb/AirBlue.html]
[repo.biteyourapple.net/screen_repo/tetherme1.png]
[repo.biteyourapple.net/deb/tetherme.html]
[repo.biteyourapple.net/deb/guizmodns.html]
[repo.biteyourapple.net/deb/pcnetworking.html]
[repo.biteyourapple.net/deb/mewseekpro3.html]
[repo.biteyourapple.net/screen_repo/mewseekpro31.png]
[repo.biteyourapple.net/screen_repo/ibluever1.jpg]
[repo.biteyourapple.net/screen_repo/ibluever2.jpg]
[repo.biteyourapple.net/deb/ibluever.html]
[repo.biteyourapple.net/screen_repo/celeste21.jpg]
[repo.biteyourapple.net/screen_repo/celeste22.jpg]
[repo.biteyourapple.net/deb/celeste2.html]
[repo.biteyourapple.net/screen_repo/bluetoothmode1.png]
[repo.biteyourapple.net/screen_repo/bluetoothmode2.png]
[repo.biteyourapple.net/deb/bluetoothmode.html]
[repo.biteyourapple.net/screen_repo/celeste1.jpg]
[repo.biteyourapple.net/deb/celeste.html]
[repo.biteyourapple.net/screen_repo/dessid1.png]
[repo.biteyourapple.net/screen_repo/dessid2.png]
[repo.biteyourapple.net/deb/dessid.html]
[repo.biteyourapple.net/screen_repo/dlssid1.png]
[repo.biteyourapple.net/screen_repo/dlssid2.png]
[repo.biteyourapple.net/deb/dlssid.html]
[repo.biteyourapple.net/deb/dnscryptproxy.html]
[repo.biteyourapple.net/screen_repo/icontrolbits1.png]
[repo.biteyourapple.net/screen_repo/icontrolbits2.png]
[repo.biteyourapple.net/deb/icontrolbits.html]
[repo.biteyourapple.net/screen_repo/ipshare1.png]
[repo.biteyourapple.net/deb/ipshare.html]
[repo.biteyourapple.net/deb/openvpn.html]
[repo.biteyourapple.net/deb/prebrowser.html]
[repo.biteyourapple.net/deb/pn.html]
[repo.biteyourapple.net/ico_repo/com.agranados.wifianalyzer.png]
[repo.biteyourapple.net/category/Networking4658.html]
[repo.biteyourapple.net/category/Other4658.html]
[repo.biteyourapple.net/category/Other9ba9.html]
[repo.biteyourapple.net/category/Otherfdb0.html]
[repo.biteyourapple.net/category/Otheraf4d.html]
[repo.biteyourapple.net/category/Otherc575.html]
[repo.biteyourapple.net/category/Other235c.html]
[repo.biteyourapple.net/category/Otherfdfa.html]
[repo.biteyourapple.net/category/Other708f.html]
[repo.biteyourapple.net/category/Other060d.html]
[repo.biteyourapple.net/deb/unifyx.html]
[repo.biteyourapple.net/screen_repo/rendarya91.jpg]
[repo.biteyourapple.net/deb/rendarya9.html]
[repo.biteyourapple.net/screen_repo/rendarya92.jpg]
[repo.biteyourapple.net/screen_repo/tabplusplus1.jpg]
[repo.biteyourapple.net/screen_repo/tabplusplus2.jpg]
[repo.biteyourapple.net/deb/tabplusplus.html]
[repo.biteyourapple.net/screen_repo/excelmessagesjb1.jpg]
[repo.biteyourapple.net/screen_repo/excelmessagesjb2.jpg]
[repo.biteyourapple.net/deb/excelmessagesjb.html]
[repo.biteyourapple.net/screen_repo/phonenzb1.png]
[repo.biteyourapple.net/screen_repo/phonenzb2.png]
[repo.biteyourapple.net/deb/phonenzb.html]
[repo.biteyourapple.net/screen_repo/elert1.png]
[repo.biteyourapple.net/screen_repo/elert2.png]
[repo.biteyourapple.net/deb/elert.html]
[repo.biteyourapple.net/screen_repo/fulldrop1.png]
[repo.biteyourapple.net/screen_repo/fulldrop2.png]
[repo.biteyourapple.net/deb/fulldrop.html]
[repo.biteyourapple.net/screen_repo/intelliscreen1.png]
[repo.biteyourapple.net/deb/intelliscreen.html]
[repo.biteyourapple.net/screen_repo/intelliscreen2.png]
[repo.biteyourapple.net/screen_repo/locktodo1.jpg]
[repo.biteyourapple.net/deb/locktodo.html]
[repo.biteyourapple.net/screen_repo/mobilelog1.png]
[repo.biteyourapple.net/screen_repo/mobilelog2.png]
[repo.biteyourapple.net/deb/mobilelog.html]
[repo.biteyourapple.net/screen_repo/mobileprofiles1.png]
[repo.biteyourapple.net/screen_repo/mobileprofiles2.png]
[repo.biteyourapple.net/deb/mobileprofiles.html]
[repo.biteyourapple.net/screen_repo/myprofiles1.png]
[repo.biteyourapple.net/screen_repo/myprofiles2.png]
[repo.biteyourapple.net/deb/myprofiles.html]
[repo.biteyourapple.net/deb/calendarpro4.html]
[repo.biteyourapple.net/screen_repo/ishare1.png]
[repo.biteyourapple.net/screen_repo/ishare2.png]
[repo.biteyourapple.net/deb/ishare.html]
[repo.biteyourapple.net/screen_repo/lsterm1.png]
[repo.biteyourapple.net/screen_repo/lsterm2.png]
[repo.biteyourapple.net/deb/lsterm.html]
[repo.biteyourapple.net/screen_repo/sbprofiles1.png]
[repo.biteyourapple.net/screen_repo/sbprofiles2.png]
[repo.biteyourapple.net/deb/sbprofiles.html]
[repo.biteyourapple.net/deb/universalsearch.html]
[repo.biteyourapple.net/deb/webcruiser.html]
[repo.biteyourapple.net/screen_repo/tlert1.png]
[repo.biteyourapple.net/deb/tlert.html]
[repo.biteyourapple.net/screen_repo/ios101.jpg]
[repo.biteyourapple.net/screen_repo/ios102.jpg]
[repo.biteyourapple.net/deb/ios10.html]
[repo.biteyourapple.net/screen_repo/firewall71.png]
[repo.biteyourapple.net/screen_repo/firewall72.png]
[repo.biteyourapple.net/deb/firewall7.html]
[repo.biteyourapple.net/screen_repo/itouchsecure.ios81.jpg]
[repo.biteyourapple.net/screen_repo/itouchsecure.ios82.jpg]
[repo.biteyourapple.net/screen_repo/itouchsecure.ios83.jpg]
[repo.biteyourapple.net/deb/itouchsecure.html]
[repo.biteyourapple.net/screen_repo/itouchsecure1.jpg]
[repo.biteyourapple.net/screen_repo/itouchsecure2.jpg]
[repo.biteyourapple.net/deb/itouchsecure-2.html]
[repo.biteyourapple.net/deb/photoalbumsplus.html]
[repo.biteyourapple.net/deb/photoalbumsplus-2.html]
[repo.biteyourapple.net/deb/ikm.html]
[repo.biteyourapple.net/deb/pairlock.html]
[repo.biteyourapple.net/deb/applocket.html]
[repo.biteyourapple.net/deb/firewall.html]
[repo.biteyourapple.net/screen_repo/applocket1.jpg]
[repo.biteyourapple.net/deb/idiscrete.html]
[repo.biteyourapple.net/deb/iwipe.html]
[repo.biteyourapple.net/deb/mobisafe.html]
[repo.biteyourapple.net/deb/panicroom.html]
[repo.biteyourapple.net/deb/secretsmspro.html]
[repo.biteyourapple.net/ico_repo/com.trustmobi.SecretSMSpro.html]
[repo.biteyourapple.net/deb/xen.html]
[repo.biteyourapple.net/deb/xenhtml.html]
[repo.biteyourapple.net/deb/hapticpro.html]
[repo.biteyourapple.net/deb/uicachefix10.html]
[repo.biteyourapple.net/deb/otadisabler.html]
[repo.biteyourapple.net/deb/libiarrays.html]
[repo.biteyourapple.net/deb/sharedlib.html]
[repo.biteyourapple.net/deb/3gunrestrictor5.html]
[repo.biteyourapple.net/deb/displayrecorder.html]
[repo.biteyourapple.net/deb/clutchrc.html]
[repo.biteyourapple.net/deb/actionmenu-pluspack.html]
[repo.biteyourapple.net/deb/colorprofiles.html]
[repo.biteyourapple.net/deb/androidlockxt.html]
[repo.biteyourapple.net/deb/displayout.html]
[repo.biteyourapple.net/deb/whiteterminal.html]
[repo.biteyourapple.net/screen_repo/actionmenu1.png]
[repo.biteyourapple.net/screen_repo/actionmenu2.png]
[repo.biteyourapple.net/deb/actionmenu.html]
[repo.biteyourapple.net/deb/libjuche8.html]
[repo.biteyourapple.net/category/System4658.html]
[repo.biteyourapple.net/ico_repo/com.phoenix.shrink.png]
[repo.biteyourapple.net/category/System9ba9.html]
[repo.biteyourapple.net/category/Systemfdb0.html]
[repo.biteyourapple.net/category/Systemaf4d.html]
[repo.biteyourapple.net/deb/3vo.html]
[repo.biteyourapple.net/deb/searchwidget2015.html]
[repo.biteyourapple.net/deb/veexillum.html]
[repo.biteyourapple.net/ico_repo/com.macciti.arci6plus.png]
[repo.biteyourapple.net/deb/banded.html]
[repo.biteyourapple.net/deb/wethr.html]
[repo.biteyourapple.net/deb/biscuit.html]
[repo.biteyourapple.net/deb/splendore.html]
[repo.biteyourapple.net/deb/flatish.html]
[repo.biteyourapple.net/deb/flatishui.html]
[repo.biteyourapple.net/deb/redanemone.html]
[repo.biteyourapple.net/deb/ios9gradience.html]
[repo.biteyourapple.net/deb/jaku.html]
[repo.biteyourapple.net/ico_repo/com.macciti.maleya.png]
[repo.biteyourapple.net/deb/aceelcap.html]
[repo.biteyourapple.net/deb/allegro.html]
[repo.biteyourapple.net/deb/blackeditionios9.html]
[repo.biteyourapple.net/deb/classios9.html]
[repo.biteyourapple.net/deb/aqueous.html]
[repo.biteyourapple.net/deb/1nkaios9anemone.html]
[repo.biteyourapple.net/deb/zeppelin7packios7.html]
[repo.biteyourapple.net/deb/plexie.html]
[repo.biteyourapple.net/category/Themes4658.html]
[repo.biteyourapple.net/category/Themes9ba9.html]
[repo.biteyourapple.net/category/Themesfdb0.html]
[repo.biteyourapple.net/category/Themesaf4d.html]
[repo.biteyourapple.net/category/Themesc575.html]
[repo.biteyourapple.net/category/Themes235c.html]
[repo.biteyourapple.net/category/Themesfdfa.html]
[repo.biteyourapple.net/category/Themesaf9b.html]
[repo.biteyourapple.net/ico_repo/mobi.macciti.reddimhd.png]
[repo.biteyourapple.net/category/Themese0ec.html]
[repo.biteyourapple.net/deb/a1derfulhdtheme.html]
[repo.biteyourapple.net/deb/rocketsaucehd.html]
[repo.biteyourapple.net/ico_repo/mobi.macciti.redlinehd.png]
[repo.biteyourapple.net/deb/1derlanddaarkglyphishicons.html]
[repo.biteyourapple.net/deb/1derlandwhiteglyphishicons.html]
[repo.biteyourapple.net/deb/1derland.html]
[repo.biteyourapple.net/deb/1derlandglyphishicons.html]
[repo.biteyourapple.net/screen_repo/1derlandwhiteglyphishicons1.jpg]
[repo.biteyourapple.net/deb/1derlandgoldglyphishicons.html]
[repo.biteyourapple.net/deb/desireblackglyphios10.html]
[repo.biteyourapple.net/deb/desireblackgoldios10.html]
[repo.biteyourapple.net/screen_repo/1derlandgoldglyphishicons1.png]
[repo.biteyourapple.net/deb/symbolismaepack1.html]
[repo.biteyourapple.net/screen_repo/desireblackgoldios101.jpg]
[repo.biteyourapple.net/deb/clifebagdetheme.html]
[repo.biteyourapple.net/deb/clifefoldertheme.html]
[repo.biteyourapple.net/deb/class10effects.html]
[repo.biteyourapple.net/deb/clifedocktheme.html]
[repo.biteyourapple.net/deb/clifesettingsiconstheme.html]
[repo.biteyourapple.net/screen_repo/class10effects1.jpg]
[repo.biteyourapple.net/screen_repo/clifesettingsiconstheme1.jpg]
[repo.biteyourapple.net/deb/midnightpack.html]
[repo.biteyourapple.net/deb/midnightvex.html]
[repo.biteyourapple.net/deb/allegroessenzaios10licris17badges.html]
[repo.biteyourapple.net/deb/allegroessenzaios10nsanemoneeffects.html]
[repo.biteyourapple.net/category/Themes (Addons)4658.html]
[repo.biteyourapple.net/category/Themes (Addons)9ba9.html]
[repo.biteyourapple.net/category/Themes (Addons)fdb0.html]
[repo.biteyourapple.net/category/Themes (Addons)af4d.html]
[repo.biteyourapple.net/category/Themes (Addons)c575.html]
[repo.biteyourapple.net/category/Themes (Addons)235c.html]
[repo.biteyourapple.net/category/Themes (Addons)fdfa.html]
[repo.biteyourapple.net/category/Themes (Addons)0e9b.html]
[repo.biteyourapple.net/category/Themes (Addons)a1f7.html]
[repo.biteyourapple.net/deb/glasklarthd.html]
[repo.biteyourapple.net/deb/ax1umtheme.html]
[repo.biteyourapple.net/deb/ayeris.html]
[repo.biteyourapple.net/deb/ayerisipad.html]
[repo.biteyourapple.net/deb/ayeconios7.html]
[repo.biteyourapple.net/deb/ayeconipadios7.html]
[repo.biteyourapple.net/screen_repo/ayerisipad1.jpg]
[repo.biteyourapple.net/screen_repo/ayeconios71.jpg]
[repo.biteyourapple.net/deb/enkeltneueforipad.html]
[repo.biteyourapple.net/screen_repo/ayeconipadios71.jpg]
[repo.biteyourapple.net/deb/enkeltneue.html]
[repo.biteyourapple.net/deb/haz3hdiphone.html]
[repo.biteyourapple.net/screen_repo/haz3hdiphone1.jpg]
[repo.biteyourapple.net/deb/enkelt.html]
[repo.biteyourapple.net/screen_repo/haz3hdiphone2.jpg]
[repo.biteyourapple.net/deb/enkeltipad.html]
[repo.biteyourapple.net/deb/mylo.html]
[repo.biteyourapple.net/deb/binaryhd.html]
[repo.biteyourapple.net/deb/all3th.html]
[repo.biteyourapple.net/deb/alphaaurahd.html]
[repo.biteyourapple.net/screen_repo/alphaaurahd1.jpg]
[repo.biteyourapple.net/deb/modernwoods.html]
[repo.biteyourapple.net/deb/a266icons.html]
[repo.biteyourapple.net/deb/ayeconaddon.html]
[repo.biteyourapple.net/deb/a266panoramic.html]
[repo.biteyourapple.net/deb/ayecon.html]
[repo.biteyourapple.net/screen_repo/a266panoramic1.jpg]
[repo.biteyourapple.net/category/Themes (Complete)4658.html]
[repo.biteyourapple.net/category/Themes (Complete)9ba9.html]
[repo.biteyourapple.net/category/Themes (Complete)fdb0.html]
[repo.biteyourapple.net/deb/starflyer.html]
[repo.biteyourapple.net/deb/electricboogalooforlockhtml4.html]
[repo.biteyourapple.net/deb/451packforlockplus.html]
[repo.biteyourapple.net/deb/missionaccomplishedforlockplus.html]
[repo.biteyourapple.net/deb/groovelectric.html]
[repo.biteyourapple.net/screen_repo/451packforlockplus1.jpg]
[repo.biteyourapple.net/deb/escapevelocityforlockplus.html]
[repo.biteyourapple.net/deb/neongoddessforlockplus.html]
[repo.biteyourapple.net/deb/timelordforlockplus.html]
[repo.biteyourapple.net/deb/quadralacious.html]
[repo.biteyourapple.net/screen_repo/groovelectric1.jpg]
[repo.biteyourapple.net/deb/materialdesignmountains.html]
[repo.biteyourapple.net/screen_repo/materialdesignmountains1.jpg]
[repo.biteyourapple.net/screen_repo/quadralacious1.jpg]
[repo.biteyourapple.net/deb/peralandra.html]
[repo.biteyourapple.net/deb/cleanfun.html]
[repo.biteyourapple.net/deb/explorelife.html]
[repo.biteyourapple.net/deb/starspin.html]
[repo.biteyourapple.net/deb/theflashminimal.html]
[repo.biteyourapple.net/screen_repo/starspin1.jpg]
[repo.biteyourapple.net/deb/zenclarity.html]
[repo.biteyourapple.net/deb/zenclaritywapps.html]
[repo.biteyourapple.net/deb/abstracticons3pack.html]
[repo.biteyourapple.net/screen_repo/theflashminimal1.jpg]
[repo.biteyourapple.net/deb/grandlslockhtml.html]
[repo.biteyourapple.net/deb/joyelectricone.html]
[repo.biteyourapple.net/screen_repo/joyelectricone1.jpg]
[repo.biteyourapple.net/deb/smartclock.html]
[repo.biteyourapple.net/deb/mountains.html]
[repo.biteyourapple.net/screen_repo/analockhd1.png]
[repo.biteyourapple.net/deb/analockhd.html]
[repo.biteyourapple.net/screen_repo/aquariumcydget1.html]
[repo.biteyourapple.net/deb/aquariumcydget.html]
[repo.biteyourapple.net/deb/ashanti.html]
[repo.biteyourapple.net/ico_repo/com.Wraith.ashanti13.html]
[repo.biteyourapple.net/deb/frostls.html]
[repo.biteyourapple.net/deb/lselegantpeace.html]
[repo.biteyourapple.net/deb/neonshenfu.html]
[repo.biteyourapple.net/deb/ajapanthemeclock.html]
[repo.biteyourapple.net/deb/androidlocknotext.html]
[repo.biteyourapple.net/deb/achristmaswindow.html]
[repo.biteyourapple.net/deb/animatedfireworkshdtheme.html]
[repo.biteyourapple.net/deb/autumnhdlockscreen.html]
[repo.biteyourapple.net/deb/fallingleaveslstheme.html]
[repo.biteyourapple.net/deb/tia.html]
[repo.biteyourapple.net/deb/rupii.html]
[repo.biteyourapple.net/deb/vision.html]
[repo.biteyourapple.net/deb/velour.html]
[repo.biteyourapple.net/deb/abbozzo.html]
[repo.biteyourapple.net/deb/boomstar.html]
[repo.biteyourapple.net/deb/boomstarforwinterboard.html]
[repo.biteyourapple.net/deb/acew2.html]
[repo.biteyourapple.net/deb/linearglyphs.html]
[repo.biteyourapple.net/deb/10n1cgl0w.html]
[repo.biteyourapple.net/deb/linear.html]
[repo.biteyourapple.net/deb/sausage.html]
[repo.biteyourapple.net/deb/kandy.html]
[repo.biteyourapple.net/deb/10n1cg0ld.html]
[repo.biteyourapple.net/deb/amuse10lem0n.html]
[repo.biteyourapple.net/deb/colortpremium.html]
[repo.biteyourapple.net/deb/whitelit.html]
[repo.biteyourapple.net/deb/betterglyphs.html]
[repo.biteyourapple.net/deb/murkyforios.html]
[repo.biteyourapple.net/deb/iceappleios10.html]
[repo.biteyourapple.net/deb/furatto.html]
[repo.biteyourapple.net/category/Themes (SpringBoard)4658.html]
[repo.biteyourapple.net/category/Themes (SpringBoard)9ba9.html]
[repo.biteyourapple.net/category/Themes (SpringBoard)fdb0.html]
[repo.biteyourapple.net/category/Themes (SpringBoard)af4d.html]
