[canmzdev.weebly.com/index.html]
[canmzdev.weebly.com/gdpr/gdprscript7fca.js]
[backblue.gif]
[fade.gif]
[index.html]
[cdn2.editmysite.com/css/sitesff97.css]
[cdn2.editmysite.com/css/old/fancybox3b76.css]
[cdn2.editmysite.com/css/social-icons3d5f.css]
[canmzdev.weebly.com/files/main_style704b.css]
[ajax.googleapis.com/ajax/libs/jquery/1.8.3/jquery.min.js]
[cdn2.editmysite.com/js/lang/en/stle28b.js]
[cdn2.editmysite.com/js/site/mainff97.js]
[www.google.com/recaptcha/api.js]
[canmzdev.weebly.com/uploads/1/3/2/4/132447894/anmerkung-2020-05-28-214117.jpg]
[canmzdev.weebly.com/status.html]
[canmzdev.weebly.com/about.html]
[canmzdev.weebly.com/contact.html]
[canmzdev.weebly.com/what-is-cmz.html]
[canmzdev.weebly.com/supported-devices.html]
[marketplace.editmysite.com/uploads/b/marketplace-elements-569198776394566218-1.0.1/assets/up-arrow.png]
[cdn2.editmysite.com/images/site/footer/footer-toast-published-image-1.png]
[cdn2.editmysite.com/js/site/footerSignupff97.js]
[canmzdev.weebly.com/files/theme/plugins72c5.js]
[cdn2.editmysite.com/js/site/main-customer-accounts-siteff97.js]
[cdn2.editmysite.com/js/wsnbn/snowday262.js]
[canmzdev.weebly.com/files/theme/custom72c5.js]
[canmzdev.weebly.com/index.html]
[cdn2.editmysite.com/images/util/videojs/white-bar.png]
[cdn2.editmysite.com/images/util/videojs/@2x/white-bar.png]
[cdn2.editmysite.com/images/util/videojs/gradient.png]
[cdn2.editmysite.com/images/util/videojs/@2x/gradient.png]
[cdn2.editmysite.com/sprites/util/videojs-sacae758aa2.png]
[cdn2.editmysite.com/sprites/util/videojs/@2x-s2aff7e7d9a.png]
[cdn2.editmysite.com/images/util/videojs/volume-filled.png]
[cdn2.editmysite.com/images/util/videojs/@2x/volume-filled.png]
[cdn2.editmysite.com/images/util/videojs/volume-mute.png]
[cdn2.editmysite.com/images/util/videojs/@2x/volume-mute.png]
[cdn2.editmysite.com/images/util/videojs/blue-bar.png]
[cdn2.editmysite.com/images/util/videojs/@2x/blue-bar.png]
[cdn2.editmysite.com/images/util/videojs/maximize-icon.png]
[cdn2.editmysite.com/images/util/videojs/@2x/maximize-icon.png]
[cdn2.editmysite.com/images/util/videojs/minimize-icon.png]
[cdn2.editmysite.com/images/util/videojs/@2x/minimize-icon.png]
[cdn2.editmysite.com/images/util/videojs/play-icon.png]
[cdn2.editmysite.com/images/util/videojs/@2x/play-icon.png]
[cdn2.editmysite.com/images/util/videojs/sad-face.png]
[cdn2.editmysite.com/images/util/videojs/@2x/sad-face.png]
[cdn2.editmysite.com/images/util/videojs/loading-icon.png]
[cdn2.editmysite.com/images/util/videojs/@2x/loading-icon.png]
[cdn2.editmysite.com/images/common/buttons/small_grey.png]
[cdn2.editmysite.com/images/common/buttons/small_blue.png]
[cdn2.editmysite.com/images/old/button/large_grey.png]
[cdn2.editmysite.com/images/common/buttons/large_blue.png]
[cdn2.editmysite.com/images/common/search-light.png]
[cdn2.editmysite.com/images/common/social_icons.png]
[cdn2.editmysite.com/images/common/blog/blog-comment-button.png]
[cdn2.editmysite.com/images/common/blog/blog-comment-header.png]
[cdn2.editmysite.com/images/common/blog/blog-comment-pointer.png]
[cdn2.editmysite.com/images/common/blog/blog-comment-link.png]
[cdn2.editmysite.com/images/common/blog/blog-comment-header-author.png]
[cdn2.editmysite.com/images/common/blog/blog-comment-pointer-author.png]
[cdn2.editmysite.com/images/common/blog/blog-comment-field-bg.png]
[cdn2.editmysite.com/images/common/blog/dark-blog-comment-header.png]
[cdn2.editmysite.com/images/common/blog/dark-blog-comment-pointer.png]
[cdn2.editmysite.com/images/common/blog/dark-blog-comment-header-author.png]
[cdn2.editmysite.com/images/common/blog/dark-blog-comment-pointer-author.png]
[cdn2.editmysite.com/images/common/blog/dark-blog-comment-link.png]
[cdn2.editmysite.com/images/util/general/blank.gif]
[cdn2.editmysite.com/images/common/lightbox/prevlabel.gif]
[cdn2.editmysite.com/images/common/lightbox/nextlabel.gif]
[cdn2.editmysite.com/sprites/util/inputs/checkmarkBox-s7868418152.png]
[cdn2.editmysite.com/sprites/util/inputs/checkmarkBox/@2x-s211a47d318.png]
[cdn2.editmysite.com/images/util/inputs/search-input-bg.jpg]
[cdn2.editmysite.com/images/common/magnifying-glass.png]
[cdn2.editmysite.com/images/common/checkmarks/checkmark-mini.png]
[cdn2.editmysite.com/images/common/checkmarks/@2x/checkmark-mini.png]
[cdn2.editmysite.com/images/common/search-pagination-bg.png]
[cdn2.editmysite.com/images/util/general/top-triangle-000.png]
[cdn2.editmysite.com/images/util/general/bottom-triangle-000.png]
[cdn2.editmysite.com/images/util/general/top-triangle-000@2x.png]
[cdn2.editmysite.com/images/util/general/bottom-triangle-000@2x.png]
[cdn2.editmysite.com/sprites/common/social-icons-s5ea5500bdb.png]
[cdn2.editmysite.com/sprites/common/social-icons/@2x-s0ae7d70c70.png]
[cdn2.editmysite.com/sprites/site/mini-cart-s86c48effae.png]
[cdn2.editmysite.com/sprites/site/mini-cart/@2x-s576cbc3f90.png]
[cdn2.editmysite.com/images/loading.gif]
[cdn2.editmysite.com/sprites/site/mobile/commerce-sdf6d4e852c.png]
[cdn2.editmysite.com/sprites/site/mobile/commerce/@2x-s82f968c453.png]
[cdn2.editmysite.com/images/site/checkout/paypal.png]
[cdn2.editmysite.com/images/site/checkout/@2x/paypal.png]
[cdn2.editmysite.com/images/site/checkout/credit-cards.png]
[cdn2.editmysite.com/images/site/checkout/@2x/credit-cards.png]
[cdn2.editmysite.com/images/site/checkout/print.png]
[cdn2.editmysite.com/images/site/checkout/print@2x.png]
[cdn2.editmysite.com/images/vendor/select2/select2.png]
[cdn2.editmysite.com/images/vendor/select2/select2-spinner.gif]
[cdn2.editmysite.com/images/vendor/select2/select2x2.png]
[cdn2.editmysite.com/images/util/spinner/spinner-dark.png]
[cdn2.editmysite.com/images/util/spinner/spinner-light.png]
[cdn2.editmysite.com/images/util/loading-white-w24.gif]
[cdn2.editmysite.com/images/common/form_input_bg.gif]
[cdn2.editmysite.com/sprites/site/forms-s3786257308.png]
[cdn2.editmysite.com/sprites/site/forms/@2x-s47607b315a.png]
[cdn2.editmysite.com/images/blank.gif]
[cdn2.editmysite.com/images/old/photoswipe/loader.gif]
[cdn2.editmysite.com/images/old/photoswipe/error.gif]
[cdn2.editmysite.com/images/old/photoswipe/icons.png]
[cdn2.editmysite.com/images/old/photoswipe/icons@2x.png]
[cdn2.editmysite.com/css/sitesff97.css]
[cdn2.editmysite.com/images/old/fancybox/fancybox_sprite.png]
[cdn2.editmysite.com/images/old/fancybox/fancybox_loading.gif]
[cdn2.editmysite.com/images/old/fancybox/blank.gif]
[cdn2.editmysite.com/images/old/fancybox/fancybox_overlay.png]
[cdn2.editmysite.com/css/old/fancybox3b76.css]
[cdn2.editmysite.com/css/social-icons3d5f.css]
[canmzdev.weebly.com/files/theme/fonts/17c55b27-e9ab-43cd-b948-d49f97480d68d41d.eot]
[canmzdev.weebly.com/files/theme/fonts/2e3f5cb9-101f-46cf-a7b3-dfaa58261e03704b.woff2]
[canmzdev.weebly.com/files/theme/fonts/fa19948e-5e38-4909-b31e-41acd170d6f2704b.woff]
[canmzdev.weebly.com/files/theme/fonts/6de0ce4d-9278-467b-b96f-c1f5f0a4c375704b.ttf]
[canmzdev.weebly.com/files/theme/fonts/8b498c39-fabe-4789-bb81-5e37c9ecddd3d41d.eot]
[canmzdev.weebly.com/files/theme/fonts/9fd4ea0c-b19a-4b21-9fdf-37045707dd78.svg]
[canmzdev.weebly.com/files/theme/fonts/1c6c1881-23c9-4d6a-a018-759d1c9ded15704b.woff2]
[canmzdev.weebly.com/files/theme/fonts/f0d655c5-a88a-49ad-bb29-f3b5cca41731704b.woff]
[canmzdev.weebly.com/files/theme/fonts/3a561c83-40d4-4868-8255-e8455eb009c4704b.ttf]
[canmzdev.weebly.com/files/theme/fonts/3966f856-9dcf-48e7-88e7-7400f1b7d619.svg]
[canmzdev.weebly.com/files/theme/fonts/e9167238-3b3f-4813-a04a-a384394eed42d41d.eot]
[canmzdev.weebly.com/files/theme/fonts/2cd55546-ec00-4af9-aeca-4a3cd186da53704b.woff2]
[canmzdev.weebly.com/files/theme/fonts/1e9892c0-6927-4412-9874-1b82801ba47a704b.woff]
[canmzdev.weebly.com/files/theme/fonts/46cf1067-688d-4aab-b0f7-bd942af6efd8704b.ttf]
[canmzdev.weebly.com/files/theme/fonts/52a192b1-bea5-4b48-879f-107f009b666f.svg]
[canmzdev.weebly.com/files/theme/fonts/d1fddef1-d940-4904-8f6c-17e809462301d41d.eot]
[canmzdev.weebly.com/files/theme/fonts/7377dbe6-f11a-4a05-b33c-bc8ce1f60f84704b.woff2]
[canmzdev.weebly.com/files/theme/fonts/92b66dbd-4201-4ac2-a605-4d4ffc8705cc704b.woff]
[canmzdev.weebly.com/files/theme/fonts/18839597-afa8-4f0b-9abb-4a30262d0da8704b.ttf]
[canmzdev.weebly.com/files/theme/fonts/1de7e6f4-9d4d-47e7-ab23-7d5cf10ab585.svg]
[canmzdev.weebly.com/files/theme/fonts/1a7c9181-cd24-4943-a9d9-d033189524e0d41d.eot]
[canmzdev.weebly.com/files/theme/fonts/627fbb5a-3bae-4cd9-b617-2f923e29d55e704b.woff2]
[canmzdev.weebly.com/files/theme/fonts/f26faddb-86cc-4477-a253-1e1287684336704b.woff]
[canmzdev.weebly.com/files/theme/fonts/63a74598-733c-4d0c-bd91-b01bffcd6e69704b.ttf]
[canmzdev.weebly.com/files/theme/fonts/a89d6ad1-a04f-4a8f-b140-e55478dbea80.svg]
[canmzdev.weebly.com/files/theme/fonts/77a9cdce-ea6a-4f94-95df-e6a54555545ed41d.eot]
[canmzdev.weebly.com/files/theme/fonts/3f380a53-50ea-4a62-95c5-d5d8dba03ab8704b.woff2]
[canmzdev.weebly.com/files/theme/fonts/8344e877-560d-44d4-82eb-9822766676f9704b.woff]
[canmzdev.weebly.com/files/theme/fonts/b28b01d9-78c5-46c6-a30d-9a62c8f407c5704b.ttf]
[canmzdev.weebly.com/files/theme/fonts/ed4d3c45-af64-4992-974b-c37cd12a9570.svg]
[canmzdev.weebly.com/files/theme/images/default-bg704b.jpg]
[canmzdev.weebly.com/files/main_style704b.css]
[cdn2.editmysite.com/js/lang/en/stle28b.js]
[cdn2.editmysite.com/js/site/mainff97.js]
[canmzdev.weebly.com/status.html]
[canmzdev.weebly.com/about.html]
[canmzdev.weebly.com/contact.html]
[canmzdev.weebly.com/what-is-cmz.html]
[canmzdev.weebly.com/supported-devices.html]
[cdn2.editmysite.com/js/site/footerSignupff97.js]
[canmzdev.weebly.com/store/checkout/index.html]
[cdn2.editmysite.com/js/site/main-customer-accounts-siteff97.js]
[cdn2.editmysite.com/js/wsnbn/snowday262.js]
[canmzdev.weebly.com/files/theme/fonts/9fd4ea0c-b19a-4b21-9fdf-37045707dd78.svg]
[canmzdev.weebly.com/files/theme/fonts/3966f856-9dcf-48e7-88e7-7400f1b7d619.svg]
[canmzdev.weebly.com/files/theme/fonts/52a192b1-bea5-4b48-879f-107f009b666f.svg]
[canmzdev.weebly.com/files/theme/fonts/1de7e6f4-9d4d-47e7-ab23-7d5cf10ab585.svg]
[canmzdev.weebly.com/files/theme/fonts/a89d6ad1-a04f-4a8f-b140-e55478dbea80.svg]
[canmzdev.weebly.com/files/theme/fonts/ed4d3c45-af64-4992-974b-c37cd12a9570.svg]
[canmzdev.weebly.com/files/theme/images/select-dropdown704b.svg]
[canmzdev.weebly.com/o.html]
[canmzdev.weebly.com/mustache.html]
[canmzdev.weebly.com/formSubmit.html]
[canmzdev.weebly.com/formSubmitAjax.html]
[canmzdev.weebly.com/weebly/libraries/videojs/video-js.html]
[canmzdev.weebly.com/AppleWebKit/index.html]
[canmzdev.weebly.com/Mobile/index.html]
[cdn2.editmysite.com/js/site/commerce-coreff97.js]
[canmzdev.weebly.com/store/checkout/index.html]
[canmzdev.weebly.com/ecommerce.html]
[canmzdev.weebly.com/store/account/index.html]
[canmzdev.weebly.com/images/customer-accounts/arrow-left.html]
[canmzdev.weebly.com/images/customer-accounts/check.html]
[canmzdev.weebly.com/images/customer-accounts/close-icon.html]
[canmzdev.weebly.com/dist/index.html]
[canmzdev.weebly.com/ABCDEFGHIJKLMNOPQRSTUVWXYZabcdefghijklmnopqrstuvwxyz0123456789+/index.html]
[canmzdev.weebly.com/payload.html]
[canmzdev.weebly.com/POST.html]
[cdn2.editmysite.com/js/site/commerce-coreff97.js]
[cdn2.editmysite.com/js/site/checkout-appff97.js]
[canmzdev.weebly.com/store/checkout/indexfc50.html]
[cdn2.editmysite.com/js/site/checkout-appff97.js]
[canmzdev.weebly.com/store/checkout/$1/index.html]
[canmzdev.weebly.com/store/checkout/$&/index.html]
[canmzdev.weebly.com/store/checkout/POST.html]
[canmzdev.weebly.com/store/checkout/edge/index.html]
[canmzdev.weebly.com/store/checkout/AppleWebKit/index.html]
[canmzdev.weebly.com/store/checkout/Mobile/index.html]
[canmzdev.weebly.com/store/checkout/CriOS/index.html]
[canmzdev.weebly.com/store/checkout/indexfc50.html]
[canmzdev.weebly.com/store/checkout/index5da2.html]
[canmzdev.weebly.com/store/checkout/index5da2.html]
